[08-09 12:35] === AZ DRIVER START (resuming at iter 21) ===
[08-09 12:35] iter 22: generating 3x350 games...
[08-09 13:35] iter 22: training on 65 npz files...
[08-09 13:59] iter 22 train tail: 58939 decisions, players ['selfplay']
  + iter9_w2.npz: 29749 decisions, players ['selfplay']
  + iter9_w3.npz: 18408 decisions, players ['selfplay']
train: 2367618 self-play states | held-out: 18231 REAL ladder states | feat=2 vocab=73883
BASELINE (v11 head on real ladder states): auc_all=0.831  auc_T1-6=0.735  auc_T7-10=0.873  auc_T11+=0.919  agree_ref=1.000
--min-turn=9: training on 839594/2367618 states
epoch 0: loss 0.1008 (val 0.0909 kl 0.0050)  REAL: auc_all=0.824  auc_T1-6=0.733  auc_T7-10=0.877  auc_T11+=0.920  agree_ref=0.971  1408s
BEST real-ladder value AUC: 0.831 (baseline 0.831)

[08-09 13:59] iter 22: NOT ACCEPTED (no AUC improvement or anchor breach). Continuing.
[08-09 13:59] iter 23: generating 3x350 games...
[08-09 15:02] iter 23: training on 68 npz files...
[08-09 15:27] iter 23 train tail: 58939 decisions, players ['selfplay']
  + iter9_w2.npz: 29749 decisions, players ['selfplay']
  + iter9_w3.npz: 18408 decisions, players ['selfplay']
train: 2475415 self-play states | held-out: 18231 REAL ladder states | feat=2 vocab=73883
BASELINE (v11 head on real ladder states): auc_all=0.831  auc_T1-6=0.735  auc_T7-10=0.873  auc_T11+=0.919  agree_ref=1.000
--min-turn=9: training on 877280/2475415 states
epoch 0: loss 0.1011 (val 0.0911 kl 0.0050)  REAL: auc_all=0.827  auc_T1-6=0.737  auc_T7-10=0.877  auc_T11+=0.917  agree_ref=0.972  1470s
BEST real-ladder value AUC: 0.831 (baseline 0.831)

[08-09 15:27] iter 23: NOT ACCEPTED (no AUC improvement or anchor breach). Continuing.
[08-09 15:27] iter 24: generating 3x350 games...
