[08-08 17:56] === AZ DRIVER START (resuming at iter 7) ===
[08-08 17:56] iter 8: generating 3x350 games...
[08-08 18:58] iter 8: training on 23 npz files...
[08-08 19:07] iter 8 train tail: z: 59463 decisions, players ['selfplay']
  + iter8_w2.npz: 30061 decisions, players ['selfplay']
  + iter8_w3.npz: 18413 decisions, players ['selfplay']
train: 854027 self-play states | held-out: 18231 REAL ladder states | feat=2 vocab=73883
BASELINE (v11 head on real ladder states): auc_all=0.830  auc_T1-6=0.740  auc_T7-10=0.874  auc_T11+=0.904  agree_ref=1.000
--min-turn=9: training on 302711/854027 states
epoch 0: loss 0.1097 (val 0.0983 kl 0.0057)  REAL: auc_all=0.832  auc_T1-6=0.736  auc_T7-10=0.873  auc_T11+=0.921  agree_ref=0.969  514s
BEST real-ladder value AUC: 0.830 (baseline 0.830)

[08-08 19:07] iter 8: NOT ACCEPTED (no AUC improvement or anchor breach). Continuing.
[08-08 19:07] iter 9: generating 3x350 games...
[08-08 20:13] iter 9: training on 26 npz files...
[08-08 20:23] iter 9 train tail: yers ['selfplay']
  + iter9_w2.npz: 29749 decisions, players ['selfplay']
  + iter9_w3.npz: 18408 decisions, players ['selfplay']
train: 961123 self-play states | held-out: 18231 REAL ladder states | feat=2 vocab=73883
BASELINE (v11 head on real ladder states): auc_all=0.830  auc_T1-6=0.740  auc_T7-10=0.874  auc_T11+=0.904  agree_ref=1.000
--min-turn=9: training on 340378/961123 states
epoch 0: loss 0.1116 (val 0.1002 kl 0.0057)  REAL: auc_all=0.831  auc_T1-6=0.735  auc_T7-10=0.873  auc_T11+=0.919  agree_ref=0.972  579s
  -> saved (auc 0.831)
BEST real-ladder value AUC: 0.831 (baseline 0.830)

[08-08 20:23] iter 9: ACCEPTED -> best.pth updated
[08-08 20:23] iter 9: gating vs v12 (N=45, idle)...
[08-08 20:34] iter 9 OGERPON CELL: azloop_cand vs ogerpon_v1       40.0% (v12 baseline 37.8%)
[08-08 20:34] iter 9 GATE: azloop_cand vs grimm_v12_live   51.1%
[08-08 20:34] iter 10: generating 3x350 games...
[08-08 21:40] iter 10: training on 29 npz files...
[08-08 21:52] iter 10 train tail:  58939 decisions, players ['selfplay']
  + iter9_w2.npz: 29749 decisions, players ['selfplay']
  + iter9_w3.npz: 18408 decisions, players ['selfplay']
train: 1069206 self-play states | held-out: 18231 REAL ladder states | feat=2 vocab=73883
BASELINE (v11 head on real ladder states): auc_all=0.831  auc_T1-6=0.735  auc_T7-10=0.873  auc_T11+=0.919  agree_ref=1.000
--min-turn=9: training on 378661/1069206 states
epoch 0: loss 0.0927 (val 0.0836 kl 0.0045)  REAL: auc_all=0.816  auc_T1-6=0.728  auc_T7-10=0.866  auc_T11+=0.908  agree_ref=0.974  696s
BEST real-ladder value AUC: 0.831 (baseline 0.831)

[08-08 21:52] iter 10: NOT ACCEPTED (no AUC improvement or anchor breach). Continuing.
[08-08 21:52] iter 11: generating 3x350 games...
[08-08 22:57] iter 11: training on 32 npz files...
[08-08 23:10] iter 11 train tail:  58939 decisions, players ['selfplay']
  + iter9_w2.npz: 29749 decisions, players ['selfplay']
  + iter9_w3.npz: 18408 decisions, players ['selfplay']
train: 1178350 self-play states | held-out: 18231 REAL ladder states | feat=2 vocab=73883
BASELINE (v11 head on real ladder states): auc_all=0.831  auc_T1-6=0.735  auc_T7-10=0.873  auc_T11+=0.919  agree_ref=1.000
--min-turn=9: training on 417750/1178350 states
epoch 0: loss 0.0948 (val 0.0856 kl 0.0046)  REAL: auc_all=0.814  auc_T1-6=0.722  auc_T7-10=0.861  auc_T11+=0.903  agree_ref=0.973  735s
BEST real-ladder value AUC: 0.831 (baseline 0.831)

[08-08 23:10] iter 11: NOT ACCEPTED (no AUC improvement or anchor breach). Continuing.
[08-08 23:10] iter 12: generating 3x350 games...
[08-09 00:13] iter 12: training on 35 npz files...
[08-09 00:26] iter 12 train tail:  58939 decisions, players ['selfplay']
  + iter9_w2.npz: 29749 decisions, players ['selfplay']
  + iter9_w3.npz: 18408 decisions, players ['selfplay']
train: 1286142 self-play states | held-out: 18231 REAL ladder states | feat=2 vocab=73883
BASELINE (v11 head on real ladder states): auc_all=0.831  auc_T1-6=0.735  auc_T7-10=0.873  auc_T11+=0.919  agree_ref=1.000
--min-turn=9: training on 456023/1286142 states
epoch 0: loss 0.0963 (val 0.0870 kl 0.0046)  REAL: auc_all=0.818  auc_T1-6=0.732  auc_T7-10=0.870  auc_T11+=0.905  agree_ref=0.974  767s
BEST real-ladder value AUC: 0.831 (baseline 0.831)

[08-09 00:26] iter 12: NOT ACCEPTED (no AUC improvement or anchor breach). Continuing.
[08-09 00:26] iter 13: generating 3x350 games...
[08-09 01:27] iter 13: training on 38 npz files...
[08-09 01:42] iter 13 train tail:  58939 decisions, players ['selfplay']
  + iter9_w2.npz: 29749 decisions, players ['selfplay']
  + iter9_w3.npz: 18408 decisions, players ['selfplay']
train: 1393896 self-play states | held-out: 18231 REAL ladder states | feat=2 vocab=73883
BASELINE (v11 head on real ladder states): auc_all=0.831  auc_T1-6=0.735  auc_T7-10=0.873  auc_T11+=0.919  agree_ref=1.000
--min-turn=9: training on 493386/1393896 states
epoch 0: loss 0.0973 (val 0.0879 kl 0.0047)  REAL: auc_all=0.821  auc_T1-6=0.735  auc_T7-10=0.871  auc_T11+=0.909  agree_ref=0.971  828s
BEST real-ladder value AUC: 0.831 (baseline 0.831)

[08-09 01:42] iter 13: NOT ACCEPTED (no AUC improvement or anchor breach). Continuing.
[08-09 01:42] iter 14: generating 3x350 games...
[08-09 02:42] iter 14: training on 41 npz files...
[08-09 02:58] iter 14 train tail:  58939 decisions, players ['selfplay']
  + iter9_w2.npz: 29749 decisions, players ['selfplay']
  + iter9_w3.npz: 18408 decisions, players ['selfplay']
train: 1502539 self-play states | held-out: 18231 REAL ladder states | feat=2 vocab=73883
BASELINE (v11 head on real ladder states): auc_all=0.831  auc_T1-6=0.735  auc_T7-10=0.873  auc_T11+=0.919  agree_ref=1.000
--min-turn=9: training on 532625/1502539 states
epoch 0: loss 0.0979 (val 0.0884 kl 0.0048)  REAL: auc_all=0.820  auc_T1-6=0.732  auc_T7-10=0.875  auc_T11+=0.908  agree_ref=0.972  899s
BEST real-ladder value AUC: 0.831 (baseline 0.831)

[08-09 02:58] iter 14: NOT ACCEPTED (no AUC improvement or anchor breach). Continuing.
[08-09 02:58] iter 15: generating 3x350 games...
[08-09 03:59] iter 15: training on 44 npz files...
[08-09 04:15] iter 15 train tail:  58939 decisions, players ['selfplay']
  + iter9_w2.npz: 29749 decisions, players ['selfplay']
  + iter9_w3.npz: 18408 decisions, players ['selfplay']
train: 1609435 self-play states | held-out: 18231 REAL ladder states | feat=2 vocab=73883
BASELINE (v11 head on real ladder states): auc_all=0.831  auc_T1-6=0.735  auc_T7-10=0.873  auc_T11+=0.919  agree_ref=1.000
--min-turn=9: training on 570793/1609435 states
epoch 0: loss 0.0983 (val 0.0887 kl 0.0048)  REAL: auc_all=0.822  auc_T1-6=0.733  auc_T7-10=0.875  auc_T11+=0.910  agree_ref=0.972  960s
BEST real-ladder value AUC: 0.831 (baseline 0.831)

[08-09 04:15] iter 15: NOT ACCEPTED (no AUC improvement or anchor breach). Continuing.
[08-09 04:15] iter 16: generating 3x350 games...
[08-09 05:18] iter 16: training on 47 npz files...
[08-09 05:35] iter 16 train tail: 58939 decisions, players ['selfplay']
  + iter9_w2.npz: 29749 decisions, players ['selfplay']
  + iter9_w3.npz: 18408 decisions, players ['selfplay']
train: 1718055 self-play states | held-out: 18231 REAL ladder states | feat=2 vocab=73883
BASELINE (v11 head on real ladder states): auc_all=0.831  auc_T1-6=0.735  auc_T7-10=0.873  auc_T11+=0.919  agree_ref=1.000
--min-turn=9: training on 609786/1718055 states
epoch 0: loss 0.0991 (val 0.0894 kl 0.0048)  REAL: auc_all=0.825  auc_T1-6=0.733  auc_T7-10=0.877  auc_T11+=0.914  agree_ref=0.971  1022s
BEST real-ladder value AUC: 0.831 (baseline 0.831)

[08-09 05:35] iter 16: NOT ACCEPTED (no AUC improvement or anchor breach). Continuing.
[08-09 05:35] iter 17: generating 3x350 games...
[08-09 06:37] iter 17: training on 50 npz files...
[08-09 06:56] iter 17 train tail: 58939 decisions, players ['selfplay']
  + iter9_w2.npz: 29749 decisions, players ['selfplay']
  + iter9_w3.npz: 18408 decisions, players ['selfplay']
train: 1826066 self-play states | held-out: 18231 REAL ladder states | feat=2 vocab=73883
BASELINE (v11 head on real ladder states): auc_all=0.831  auc_T1-6=0.735  auc_T7-10=0.873  auc_T11+=0.919  agree_ref=1.000
--min-turn=9: training on 647182/1826066 states
epoch 0: loss 0.0998 (val 0.0901 kl 0.0049)  REAL: auc_all=0.824  auc_T1-6=0.735  auc_T7-10=0.881  auc_T11+=0.914  agree_ref=0.971  1080s
BEST real-ladder value AUC: 0.831 (baseline 0.831)

[08-09 06:56] iter 17: NOT ACCEPTED (no AUC improvement or anchor breach). Continuing.
[08-09 06:56] iter 18: generating 3x350 games...
[08-09 07:57] iter 18: training on 53 npz files...
[08-09 08:17] iter 18 train tail: 58939 decisions, players ['selfplay']
  + iter9_w2.npz: 29749 decisions, players ['selfplay']
  + iter9_w3.npz: 18408 decisions, players ['selfplay']
train: 1934054 self-play states | held-out: 18231 REAL ladder states | feat=2 vocab=73883
BASELINE (v11 head on real ladder states): auc_all=0.831  auc_T1-6=0.735  auc_T7-10=0.873  auc_T11+=0.919  agree_ref=1.000
--min-turn=9: training on 685531/1934054 states
epoch 0: loss 0.1000 (val 0.0903 kl 0.0048)  REAL: auc_all=0.827  auc_T1-6=0.739  auc_T7-10=0.882  auc_T11+=0.919  agree_ref=0.971  1149s
BEST real-ladder value AUC: 0.831 (baseline 0.831)

[08-09 08:17] iter 18: NOT ACCEPTED (no AUC improvement or anchor breach). Continuing.
[08-09 08:17] iter 19: generating 3x350 games...
[08-09 09:18] iter 19: training on 56 npz files...
[08-09 09:39] iter 19 train tail: 58939 decisions, players ['selfplay']
  + iter9_w2.npz: 29749 decisions, players ['selfplay']
  + iter9_w3.npz: 18408 decisions, players ['selfplay']
train: 2041834 self-play states | held-out: 18231 REAL ladder states | feat=2 vocab=73883
BASELINE (v11 head on real ladder states): auc_all=0.831  auc_T1-6=0.735  auc_T7-10=0.873  auc_T11+=0.919  agree_ref=1.000
--min-turn=9: training on 722946/2041834 states
epoch 0: loss 0.1003 (val 0.0905 kl 0.0049)  REAL: auc_all=0.827  auc_T1-6=0.742  auc_T7-10=0.885  auc_T11+=0.914  agree_ref=0.971  1224s
BEST real-ladder value AUC: 0.831 (baseline 0.831)

[08-09 09:39] iter 19: NOT ACCEPTED (no AUC improvement or anchor breach). Continuing.
[08-09 09:39] iter 20: generating 3x350 games...
[08-09 10:43] iter 20: training on 59 npz files...
[08-09 11:05] iter 20 train tail: 58939 decisions, players ['selfplay']
  + iter9_w2.npz: 29749 decisions, players ['selfplay']
  + iter9_w3.npz: 18408 decisions, players ['selfplay']
train: 2150145 self-play states | held-out: 18231 REAL ladder states | feat=2 vocab=73883
BASELINE (v11 head on real ladder states): auc_all=0.831  auc_T1-6=0.735  auc_T7-10=0.873  auc_T11+=0.919  agree_ref=1.000
--min-turn=9: training on 761147/2150145 states
epoch 0: loss 0.1004 (val 0.0906 kl 0.0049)  REAL: auc_all=0.828  auc_T1-6=0.740  auc_T7-10=0.882  auc_T11+=0.919  agree_ref=0.971  1277s
BEST real-ladder value AUC: 0.831 (baseline 0.831)

[08-09 11:05] iter 20: NOT ACCEPTED (no AUC improvement or anchor breach). Continuing.
[08-09 11:05] iter 21: generating 3x350 games...
[08-09 12:08] iter 21: training on 62 npz files...
[08-09 12:31] iter 21 train tail: 58939 decisions, players ['selfplay']
  + iter9_w2.npz: 29749 decisions, players ['selfplay']
  + iter9_w3.npz: 18408 decisions, players ['selfplay']
train: 2259223 self-play states | held-out: 18231 REAL ladder states | feat=2 vocab=73883
BASELINE (v11 head on real ladder states): auc_all=0.831  auc_T1-6=0.735  auc_T7-10=0.873  auc_T11+=0.919  agree_ref=1.000
--min-turn=9: training on 800863/2259223 states
epoch 0: loss 0.1009 (val 0.0910 kl 0.0050)  REAL: auc_all=0.826  auc_T1-6=0.741  auc_T7-10=0.881  auc_T11+=0.918  agree_ref=0.970  1299s
BEST real-ladder value AUC: 0.831 (baseline 0.831)

[08-09 12:31] iter 21: NOT ACCEPTED (no AUC improvement or anchor breach). Continuing.
[08-09 12:31] iter 22: generating 3x350 games...
