[08-08 12:34] === AZ DRIVER START (resuming at iter 3) ===
[08-08 12:34] iter 4: generating 3x350 games...
[08-08 13:36] iter 4: training on 11 npz files...
[08-08 13:49] iter 4 train tail: decisions, players ['selfplay']
  + iter4_w1.npz: 59964 decisions, players ['selfplay']
  + iter4_w2.npz: 29372 decisions, players ['selfplay']
  + iter4_w3.npz: 17908 decisions, players ['selfplay']
train: 424703 self-play states | held-out: 18231 REAL ladder states | feat=2 vocab=73883
BASELINE (v11 head on real ladder states): auc_all=0.830  auc_T1-6=0.740  auc_T7-10=0.874  auc_T11+=0.904  agree_ref=1.000
epoch 0: loss 0.1687 (val 0.1587 kl 0.0050)  REAL: auc_all=0.823  auc_T1-6=0.734  auc_T7-10=0.870  auc_T11+=0.915  agree_ref=0.969  810s
BEST real-ladder value AUC: 0.830 (baseline 0.830)

[08-08 13:49] iter 4: NOT ACCEPTED (no AUC improvement or anchor breach). Continuing.
[08-08 13:50] iter 5: generating 3x350 games...
[08-08 14:51] iter 5: training on 14 npz files...
[08-08 15:08] iter 5 train tail: ecisions, players ['selfplay']
  + iter5_w1.npz: 59245 decisions, players ['selfplay']
  + iter5_w2.npz: 29926 decisions, players ['selfplay']
  + iter5_w3.npz: 18280 decisions, players ['selfplay']
train: 532154 self-play states | held-out: 18231 REAL ladder states | feat=2 vocab=73883
BASELINE (v11 head on real ladder states): auc_all=0.830  auc_T1-6=0.740  auc_T7-10=0.874  auc_T11+=0.904  agree_ref=1.000
epoch 0: loss 0.1689 (val 0.1586 kl 0.0052)  REAL: auc_all=0.810  auc_T1-6=0.728  auc_T7-10=0.858  auc_T11+=0.902  agree_ref=0.965  1013s
BEST real-ladder value AUC: 0.830 (baseline 0.830)

[08-08 15:08] iter 5: NOT ACCEPTED (no AUC improvement or anchor breach). Continuing.
[08-08 15:08] iter 6: generating 3x350 games...
[08-08 16:09] iter 6: training on 17 npz files...
[08-08 16:30] iter 6 train tail: ecisions, players ['selfplay']
  + iter6_w1.npz: 58970 decisions, players ['selfplay']
  + iter6_w2.npz: 29984 decisions, players ['selfplay']
  + iter6_w3.npz: 17935 decisions, players ['selfplay']
train: 639043 self-play states | held-out: 18231 REAL ladder states | feat=2 vocab=73883
BASELINE (v11 head on real ladder states): auc_all=0.830  auc_T1-6=0.740  auc_T7-10=0.874  auc_T11+=0.904  agree_ref=1.000
epoch 0: loss 0.1700 (val 0.1594 kl 0.0053)  REAL: auc_all=0.808  auc_T1-6=0.725  auc_T7-10=0.865  auc_T11+=0.905  agree_ref=0.965  1215s
BEST real-ladder value AUC: 0.830 (baseline 0.830)

[08-08 16:30] iter 6: NOT ACCEPTED (no AUC improvement or anchor breach). Continuing.
[08-08 16:30] iter 7: generating 3x350 games...
[08-08 17:32] iter 7: training on 20 npz files...
[08-08 17:56] iter 7 train tail: ecisions, players ['selfplay']
  + iter7_w1.npz: 59556 decisions, players ['selfplay']
  + iter7_w2.npz: 29810 decisions, players ['selfplay']
  + iter7_w3.npz: 17681 decisions, players ['selfplay']
train: 746090 self-play states | held-out: 18231 REAL ladder states | feat=2 vocab=73883
BASELINE (v11 head on real ladder states): auc_all=0.830  auc_T1-6=0.740  auc_T7-10=0.874  auc_T11+=0.904  agree_ref=1.000
epoch 0: loss 0.1690 (val 0.1582 kl 0.0054)  REAL: auc_all=0.813  auc_T1-6=0.730  auc_T7-10=0.868  auc_T11+=0.905  agree_ref=0.963  1417s
BEST real-ladder value AUC: 0.830 (baseline 0.830)

[08-08 17:56] iter 7: NOT ACCEPTED (no AUC improvement or anchor breach). Continuing.
[08-08 17:56] iter 8: generating 3x350 games...
