resolved 1/1 target teams:
  ANDPAD kaggler team (team 16411029)
    rate-limited; sleeping 65s...
    rate-limited; sleeping 65s...
    rate-limited; sleeping 65s...
    rate-limited; sleeping 65s...
    rate-limited; sleeping 65s...
    rate-limited; sleeping 65s...
    rate-limited; sleeping 65s...
crawl 10: 1/1 resolved, queue 1515
    rate-limited; sleeping 65s...
    rate-limited; sleeping 65s...
    rate-limited; sleeping 65s...
    rate-limited; sleeping 65s...
    rate-limited; sleeping 65s...
    rate-limited; sleeping 65s...
    rate-limited; sleeping 65s...
    rate-limited; sleeping 65s...
crawl 20: 1/1 resolved, queue 2576
    rate-limited; sleeping 65s...
    rate-limited; sleeping 65s...
    rate-limited; sleeping 65s...
    rate-limited; sleeping 65s...
  ANDPAD kaggler team: sub 55395411 -> 46 fresh eps (team total 46)
    rate-limited; sleeping 65s...
  ANDPAD kaggler team: sub 55403211 -> 18 fresh eps (team total 64)
    rate-limited; sleeping 65s...
  ANDPAD kaggler team: sub 54833933 -> 0 fresh eps (team total 64)
    rate-limited; sleeping 65s...
  ANDPAD kaggler team: sub 54794326 -> 0 fresh eps (team total 64)

FRESH EPISODE TOTALS:
  ANDPAD kaggler team: 64

ANDPAD kaggler team: downloading 64 -> /Users/nickzwart/Desktop/PTCG-AI-Challenge/andpad_full/ANDPAD kaggler team
  50/64 (+50 new, 0 fail)
  DONE ANDPAD kaggler team: +64, had 0, fail 0

All done.
