resolved 7/7 target teams:
  palsystem (team 16375635)
  Raihan Ramadistra (team 16422241)
  Sixth Sense (team 16452116)
  @kdcyberdude (team 16561259)
  カントー地方マスター(KantoRegionMaster) (team 16375320)
  szlachetny snieg (team 16376653)
  那个男人 (team 16419663)
crawl 10: 5/7 resolved, queue 1513
crawl 20: 5/7 resolved, queue 2566
crawl 30: 6/7 resolved, queue 6138
crawl 40: 6/7 resolved, queue 10159
crawl 50: 6/7 resolved, queue 14953
    rate-limited; sleeping 65s...
crawl 60: 6/7 resolved, queue 18449
crawl 70: 6/7 resolved, queue 21582
crawl 80: 6/7 resolved, queue 23219
  palsystem: sub 54825545 -> 0 fresh eps (team total 0)
  palsystem: sub 54638729 -> 0 fresh eps (team total 0)
  palsystem: sub 54806573 -> 0 fresh eps (team total 0)
  palsystem: sub 54289647 -> 0 fresh eps (team total 0)
  palsystem: sub 55175954 -> 280 fresh eps (team total 280)
  palsystem: sub 55337492 -> 125 fresh eps (team total 405)
  palsystem: sub 55337493 -> 126 fresh eps (team total 531)
  palsystem: sub 54471159 -> 0 fresh eps (team total 531)
  palsystem: sub 54241880 -> 0 fresh eps (team total 531)
  palsystem: sub 54763129 -> 0 fresh eps (team total 531)
  palsystem: sub 54367742 -> 0 fresh eps (team total 531)
  palsystem: sub 55107167 -> 166 fresh eps (team total 697)
  palsystem: sub 54810263 -> 0 fresh eps (team total 697)
  palsystem: sub 54800030 -> 0 fresh eps (team total 697)
  palsystem: sub 54664281 -> 0 fresh eps (team total 697)
  palsystem: sub 54681729 -> 0 fresh eps (team total 697)
    rate-limited; sleeping 65s...
  palsystem: sub 54059024 -> 0 fresh eps (team total 697)
  palsystem: sub 55072424 -> 0 fresh eps (team total 697)
  palsystem: sub 54943179 -> 0 fresh eps (team total 697)
  palsystem: sub 54872863 -> 0 fresh eps (team total 697)
  Raihan Ramadistra: sub 54847779 -> 0 fresh eps (team total 0)
  Raihan Ramadistra: sub 54421283 -> 0 fresh eps (team total 0)
  Raihan Ramadistra: sub 55017766 -> 0 fresh eps (team total 0)
  Raihan Ramadistra: sub 55202823 -> 523 fresh eps (team total 523)
  Raihan Ramadistra: sub 54927752 -> 0 fresh eps (team total 523)
  Raihan Ramadistra: sub 54942381 -> 0 fresh eps (team total 523)
  Raihan Ramadistra: sub 54749361 -> 0 fresh eps (team total 523)
  Raihan Ramadistra: sub 54386611 -> 0 fresh eps (team total 523)
  Raihan Ramadistra: sub 54711412 -> 0 fresh eps (team total 523)
  Raihan Ramadistra: sub 55068789 -> 0 fresh eps (team total 523)
  Raihan Ramadistra: sub 54445400 -> 0 fresh eps (team total 523)
  Sixth Sense: sub 54898849 -> 0 fresh eps (team total 0)
  Sixth Sense: sub 54965288 -> 0 fresh eps (team total 0)
  Sixth Sense: sub 55138264 -> 518 fresh eps (team total 518)
  Sixth Sense: sub 55354892 -> 91 fresh eps (team total 609)
  Sixth Sense: sub 54816019 -> 0 fresh eps (team total 609)
  Sixth Sense: sub 55115319 -> 0 fresh eps (team total 609)
  Sixth Sense: sub 54852888 -> 0 fresh eps (team total 609)
  Sixth Sense: sub 55398651 -> 53 fresh eps (team total 662)
  @kdcyberdude: sub 55331428 -> 144 fresh eps (team total 144)
  @kdcyberdude: sub 55362230 -> 94 fresh eps (team total 238)
  カントー地方マスター(KantoRegionMaster): sub 54336898 -> 0 fresh eps (team total 0)
  カントー地方マスター(KantoRegionMaster): sub 54391565 -> 0 fresh eps (team total 0)
  カントー地方マスター(KantoRegionMaster): sub 54967441 -> 0 fresh eps (team total 0)
  カントー地方マスター(KantoRegionMaster): sub 55383701 -> 67 fresh eps (team total 67)
  カントー地方マスター(KantoRegionMaster): sub 54620316 -> 0 fresh eps (team total 67)
  カントー地方マスター(KantoRegionMaster): sub 54358946 -> 0 fresh eps (team total 67)
    rate-limited; sleeping 65s...
  カントー地方マスター(KantoRegionMaster): sub 55393059 -> 52 fresh eps (team total 119)
    rate-limited; sleeping 65s...
  カントー地方マスター(KantoRegionMaster): sub 54976292 -> 0 fresh eps (team total 119)
    rate-limited; sleeping 65s...
  カントー地方マスター(KantoRegionMaster): sub 54976675 -> 0 fresh eps (team total 119)
  カントー地方マスター(KantoRegionMaster): sub 55299491 -> 46 fresh eps (team total 165)
    rate-limited; sleeping 65s...
  カントー地方マスター(KantoRegionMaster): sub 54335910 -> 0 fresh eps (team total 165)
    rate-limited; sleeping 65s...
  カントー地方マスター(KantoRegionMaster): sub 54630824 -> 0 fresh eps (team total 165)
    rate-limited; sleeping 65s...
  カントー地方マスター(KantoRegionMaster): sub 54842543 -> 0 fresh eps (team total 165)
  カントー地方マスター(KantoRegionMaster): sub 54929975 -> 0 fresh eps (team total 165)
    rate-limited; sleeping 65s...
  カントー地方マスター(KantoRegionMaster): sub 55349817 -> 47 fresh eps (team total 212)
    rate-limited; sleeping 65s...
  カントー地方マスター(KantoRegionMaster): sub 54732730 -> 0 fresh eps (team total 212)
    rate-limited; sleeping 65s...
  カントー地方マスター(KantoRegionMaster): sub 55240007 -> 49 fresh eps (team total 261)
    rate-limited; sleeping 65s...
  カントー地方マスター(KantoRegionMaster): sub 54045904 -> 0 fresh eps (team total 261)
  カントー地方マスター(KantoRegionMaster): sub 54796625 -> 0 fresh eps (team total 261)
    rate-limited; sleeping 65s...
  カントー地方マスター(KantoRegionMaster): sub 54630100 -> 0 fresh eps (team total 261)
    rate-limited; sleeping 65s...
  カントー地方マスター(KantoRegionMaster): sub 54337621 -> 0 fresh eps (team total 261)
    rate-limited; sleeping 65s...
  カントー地方マスター(KantoRegionMaster): sub 54560217 -> 0 fresh eps (team total 261)
  カントー地方マスター(KantoRegionMaster): sub 54436569 -> 0 fresh eps (team total 261)
    rate-limited; sleeping 65s...
  カントー地方マスター(KantoRegionMaster): sub 55319007 -> 17 fresh eps (team total 278)
    rate-limited; sleeping 65s...
  カントー地方マスター(KantoRegionMaster): sub 54530272 -> 0 fresh eps (team total 278)
    rate-limited; sleeping 65s...
  カントー地方マスター(KantoRegionMaster): sub 54949224 -> 0 fresh eps (team total 278)
  カントー地方マスター(KantoRegionMaster): sub 54417128 -> 0 fresh eps (team total 278)
    rate-limited; sleeping 65s...
  カントー地方マスター(KantoRegionMaster): sub 55277802 -> 82 fresh eps (team total 360)
    rate-limited; sleeping 65s...
  カントー地方マスター(KantoRegionMaster): sub 54025586 -> 0 fresh eps (team total 360)
    rate-limited; sleeping 65s...
  カントー地方マスター(KantoRegionMaster): sub 54758523 -> 0 fresh eps (team total 360)
    rate-limited; sleeping 65s...
  カントー地方マスター(KantoRegionMaster): sub 54724634 -> 0 fresh eps (team total 360)
  szlachetny snieg: sub 55300994 -> 59 fresh eps (team total 59)
    rate-limited; sleeping 65s...
  szlachetny snieg: sub 55368707 -> 75 fresh eps (team total 134)
    rate-limited; sleeping 65s...
  szlachetny snieg: sub 55230083 -> 71 fresh eps (team total 205)
    rate-limited; sleeping 65s...
  szlachetny snieg: sub 54847208 -> 0 fresh eps (team total 205)
  szlachetny snieg: sub 54643218 -> 0 fresh eps (team total 205)
    rate-limited; sleeping 65s...
  那个男人: sub 55387216 -> 60 fresh eps (team total 60)
    rate-limited; sleeping 65s...
  那个男人: sub 55366226 -> 77 fresh eps (team total 137)
    rate-limited; sleeping 65s...
  那个男人: sub 54931100 -> 0 fresh eps (team total 137)
  那个男人: sub 55295229 -> 136 fresh eps (team total 273)

FRESH EPISODE TOTALS:
  palsystem: 697
  Raihan Ramadistra: 523
  Sixth Sense: 662
  @kdcyberdude: 238
  カントー地方マスター(KantoRegionMaster): 360
  szlachetny snieg: 205
  那个男人: 273

palsystem: downloading 350 -> /Users/nickzwart/Desktop/PTCG-AI-Challenge/grimm_fresh/palsystem
