== OGERPON: boost-close vs value-repaired control ==
General field gauntlet: N=60/opponent, 5 archetypes = 72.0% of the true meta (renormalised)

===== my-agent/oger_cl =====
  vs Grimmsnarl    41-19  =  68.3%   (meta 18.0%)
  vs M-Lucario     49-11  =  81.7%   (meta 24.0%)
  vs Alakazam      32-28  =  53.3%   (meta 17.0%)
  vs Ogerpon       31-29  =  51.7%   (meta 8.0%)
  vs Crustle       29-31  =  48.3%   (meta 5.0%)
  FIELD-WEIGHTED SCORE: 66.0%

===== my-agent/oger_vf1 =====
  vs Grimmsnarl    44-16  =  73.3%   (meta 18.0%)
  vs M-Lucario     45-15  =  75.0%   (meta 24.0%)
  vs Alakazam      32-28  =  53.3%   (meta 17.0%)
  vs Ogerpon       32-28  =  53.3%   (meta 8.0%)
  vs Crustle       25-35  =  41.7%   (meta 5.0%)
  FIELD-WEIGHTED SCORE: 64.7%

=== RANKING ===
   66.0%  my-agent/oger_cl
   64.7%  my-agent/oger_vf1
== DRAGAPULT: boost-close vs value-repaired control ==
General field gauntlet: N=60/opponent, 5 archetypes = 72.0% of the true meta (renormalised)

===== my-agent/drag_cl =====
  vs Grimmsnarl    12-48  =  20.0%   (meta 18.0%)
  vs M-Lucario     54-6   =  90.0%   (meta 24.0%)
  vs Alakazam      57-3   =  95.0%   (meta 17.0%)
  vs Ogerpon       28-32  =  46.7%   (meta 8.0%)
  vs Crustle       36-24  =  60.0%   (meta 5.0%)
  FIELD-WEIGHTED SCORE: 66.8%

===== my-agent/drag_vf1 =====
  vs Grimmsnarl    19-41  =  31.7%   (meta 18.0%)
  vs M-Lucario     49-11  =  81.7%   (meta 24.0%)
  vs Alakazam      54-6   =  90.0%   (meta 17.0%)
  vs Ogerpon       24-36  =  40.0%   (meta 8.0%)
  vs Crustle       43-17  =  71.7%   (meta 5.0%)
  FIELD-WEIGHTED SCORE: 65.8%

=== RANKING ===
   66.8%  my-agent/drag_cl
   65.8%  my-agent/drag_vf1
CLOSE_GATES_DONE
