Field-weighted gauntlet: N=60/opponent, 5 archetypes covering 51% of observed field (renormalised)

===== my-agent/ogerpon_v1 =====
  vs Alakazam       27-33  =  45.0%   (field 23%)
  vs Grimmsnarl     53-7   =  88.3%   (field 9%)  <-- LOAD-SENSITIVE (idle machine required)
  vs M-Lucario      34-26  =  56.7%   (field 9%)
  vs Crustle        18-42  =  30.0%   (field 5%)
  FIELD-WEIGHTED SCORE: 54.1%

===== my-agent/oger_v2 =====
  vs Alakazam       25-35  =  41.7%   (field 23%)
  vs Grimmsnarl     49-11  =  81.7%   (field 9%)  <-- LOAD-SENSITIVE (idle machine required)
  vs M-Lucario      30-30  =  50.0%   (field 9%)
  vs Ogerpon        29-31  =  48.3%   (field 5%)
  vs Crustle        27-33  =  45.0%   (field 5%)
  FIELD-WEIGHTED SCORE: 51.2%

===== my-agent/oger_v3 =====
  vs Alakazam       25-35  =  41.7%   (field 23%)
  vs Grimmsnarl     47-13  =  78.3%   (field 9%)  <-- LOAD-SENSITIVE (idle machine required)
  vs M-Lucario      38-22  =  63.3%   (field 9%)
  vs Ogerpon        32-28  =  53.3%   (field 5%)
  vs Crustle        18-42  =  30.0%   (field 5%)
  FIELD-WEIGHTED SCORE: 52.0%

=== RANKING (field-weighted) ===
   54.1%  my-agent/ogerpon_v1
   52.0%  my-agent/oger_v3
   51.2%  my-agent/oger_v2
