== FINAL REFRESH CYCLE ==
indexing 519 files with 6 workers...
  500/519
wrote dump_index_topfresh.csv: 519 games
drag_final_manifest.csv: 3049 sides (1844W/1205L)
oger_final_manifest.csv: 2443 sides (1278W/1165L)
OK: sixth_drag_deck2.csv from 3 games of Sixth Sense (Dragapult)
   4x Dreepy
   4x Buddy-Buddy Poffin
   4x Poké Pad
   4x Lillie's Determination
   4x Basic {P} Energy
   4x Ultra Ball
   4x Crushing Hammer
   4x Drakloak
   4x Basic {R} Energy
   3x Boss’s Orders
OK: dipam_oger_deck2.csv from 5 games of Dipam Chakraborty (Ogerpon)
   14x Basic {G} Energy
   4x Ultra Ball
   4x Lillie's Determination
   4x Teal Mask Ogerpon ex
   4x Forest of Vitality
   4x Bug Catching Set
   2x Chikorita
   2x Dawn
   2x Bayleef
   2x Applin
encoder your_deck <- sixth_drag_deck2.csv (60 cards)
2872 games / 36 players / cap=64 main_only=False feat=2
  250/2872 games -> 27010 decisions
  500/2872 games -> 53421 decisions
  750/2872 games -> 80173 decisions
  1000/2872 games -> 107376 decisions
  1250/2872 games -> 134491 decisions
  1500/2872 games -> 161391 decisions
  1750/2872 games -> 189919 decisions
  2000/2872 games -> 217294 decisions
  2250/2872 games -> 244816 decisions
  2500/2872 games -> 273361 decisions
  2750/2872 games -> 299330 decisions

DONE: 2872 games -> 314130 decisions -> model/az/imit_drag_v5.npz (520MB)

DROP LEDGER (decisions not turned into samples):
  inactive_seat                                  240963  (90.1% of drops)
  trivial_single_option                           22510  ( 8.4% of drops)
  no_select_or_action                              3049  ( 1.1% of drops)
  empty_choice                                      540  ( 0.2% of drops)
  target_not_enumerated_type1                       457  ( 0.2% of drops)
  TOTAL DROPPED                                  267519   kept 314130 (54.0% of all decisions)

kept by select type: {0: 154747, 1: 146694, 8: 6529, 4: 3320, 9: 2667, 5: 132, 7: 41}
candidates: mean 7.2 median 5 p90 15 max 64
target index: mean 2.99  frac==0 28.4%  random-guess top1 22.9%
loading ['model/az/imit_drag_v5.npz']
  + imit_drag_v5.npz: 314130 decisions, players ['Petit Canard', 'Kh0a', 'THIRD PTCG Club', 'Dipam Chakraborty', 'Pokemon Siuuuu']...
decoder feat=2 vocab=73883
314130 decisions -> 312734 after filter (min_wr=0.0 wins_only=False main_only=False)
3049 games detected -> held-out 49 games / 5001 decisions (disjoint from the 307733 training decisions)
boosting players ['Sixth Sense'] -> pids [7] x3.0
hashing candidate bags for tie groups...
  tie-hash 200000/314130
tie mask ready: 23093 extra credited candidates (0.07/decision)
  [held-out baselines] n=5001  random=22.2%  always-0=28.3%
device=mps  params=13,859,458  objective=softmax CE

train=307733 held=5001 epochs=10 bs=128
    ep0 500/2404 loss 1.8539
    ep0 1000/2404 loss 1.7237
    ep0 1500/2404 loss 1.6481
    ep0 2000/2404 loss 1.5899
epoch 0: loss 1.5538 (pol 1.3450 val 0.1044)  MAIN-top1 51.5%  all-top1 59.6% (strict 59.2%)  top3 87.8%  475s
    t0:51%(2480)  t1:66%(2336)  t4:55%(42)  t8:97%(96)  t9:98%(46)
    ep1 500/2404 loss 1.3320
    ep1 1000/2404 loss 1.3217
    ep1 1500/2404 loss 1.3012
    ep1 2000/2404 loss 1.2848
epoch 1: loss 1.2712 (pol 1.1056 val 0.0828)  MAIN-top1 56.5%  all-top1 64.0% (strict 63.4%)  top3 90.1%  476s
    t0:56%(2480)  t1:70%(2336)  t4:55%(42)  t8:98%(96)  t9:98%(46)
    ep2 500/2404 loss 1.1370
    ep2 1000/2404 loss 1.1405
    ep2 1500/2404 loss 1.1316
    ep2 2000/2404 loss 1.1227
epoch 2: loss 1.1173 (pol 0.9893 val 0.0640)  MAIN-top1 58.5%  all-top1 64.2% (strict 63.7%)  top3 90.8%  476s
    t0:58%(2480)  t1:68%(2336)  t4:52%(42)  t8:99%(96)  t9:98%(46)
    ep3 500/2404 loss 1.0135
    ep3 1000/2404 loss 1.0074
    ep3 1500/2404 loss 1.0058
    ep3 2000/2404 loss 1.0014
epoch 3: loss 0.9992 (pol 0.8958 val 0.0517)  MAIN-top1 58.8%  all-top1 65.8% (strict 65.3%)  top3 91.4%  476s
    t0:59%(2480)  t1:71%(2336)  t4:71%(42)  t8:99%(96)  t9:98%(46)
    ep4 500/2404 loss 0.8752
    ep4 1000/2404 loss 0.8823
    ep4 1500/2404 loss 0.8846
    ep4 2000/2404 loss 0.8872
epoch 4: loss 0.8876 (pol 0.8018 val 0.0429)  MAIN-top1 58.8%  all-top1 65.0% (strict 64.5%)  top3 91.4%  477s
    t0:59%(2480)  t1:70%(2336)  t4:64%(42)  t8:99%(96)  t9:98%(46)
    ep5 500/2404 loss 0.7737
    ep5 1000/2404 loss 0.7755
    ep5 1500/2404 loss 0.7760
    ep5 2000/2404 loss 0.7751
epoch 5: loss 0.7746 (pol 0.7013 val 0.0366)  MAIN-top1 60.0%  all-top1 66.1% (strict 65.6%)  top3 91.7%  477s
    t0:60%(2480)  t1:71%(2336)  t4:62%(42)  t8:99%(96)  t9:98%(46)
    ep6 500/2404 loss 0.6572
    ep6 1000/2404 loss 0.6598
    ep6 1500/2404 loss 0.6567
    ep6 2000/2404 loss 0.6588
epoch 6: loss 0.6594 (pol 0.5955 val 0.0319)  MAIN-top1 59.3%  all-top1 65.8% (strict 65.3%)  top3 91.0%  477s
    t0:59%(2480)  t1:71%(2336)  t4:60%(42)  t8:98%(96)  t9:98%(46)
    ep7 500/2404 loss 0.5525
    ep7 1000/2404 loss 0.5538
    ep7 1500/2404 loss 0.5542
    ep7 2000/2404 loss 0.5543
epoch 7: loss 0.5562 (pol 0.4987 val 0.0288)  MAIN-top1 58.8%  all-top1 65.6% (strict 65.1%)  top3 91.6%  478s
    t0:59%(2480)  t1:71%(2336)  t4:62%(42)  t8:99%(96)  t9:98%(46)
    ep8 500/2404 loss 0.4761
    ep8 1000/2404 loss 0.4806
    ep8 1500/2404 loss 0.4807
    ep8 2000/2404 loss 0.4803
epoch 8: loss 0.4787 (pol 0.4250 val 0.0268)  MAIN-top1 58.3%  all-top1 65.1% (strict 64.6%)  top3 91.2%  476s
    t0:58%(2480)  t1:70%(2336)  t4:67%(42)  t8:99%(96)  t9:98%(46)
    ep9 500/2404 loss 0.4319
    ep9 1000/2404 loss 0.4356
    ep9 1500/2404 loss 0.4382
    ep9 2000/2404 loss 0.4386
epoch 9: loss 0.4381 (pol 0.3859 val 0.0261)  MAIN-top1 58.3%  all-top1 65.1% (strict 64.6%)  top3 91.4%  478s
    t0:58%(2480)  t1:70%(2336)  t4:67%(42)  t8:99%(96)  t9:98%(46)

BEST held-out top1: 66.1%  -> model/az/drag_v5_best.pth
exported /Users/nickzwart/Desktop/PTCG-AI-Challenge/model/az/drag_v5_np.npz (28MB fp16)
checked 120 real decisions over 1 games: argmax agreement 120/120 = 100.0%  max |value diff| 0.0012  max |logit diff| 0.0082
PASS
== drag_v5 vs drag_v4 (run 1, N=120) ==
  drag_v5 vs drag_v4: 62-58 = 51.7%  (N=120)
  (cross-deck head-to-head)
== drag_v5 vs drag_v4 (replication, N=120) ==
  drag_v5 vs drag_v4: 69-51 = 57.5%  (N=120)
  (cross-deck head-to-head)
encoder your_deck <- dipam_oger_deck2.csv (60 cards)
2331 games / 55 players / cap=64 main_only=False feat=2
  250/2331 games -> 17066 decisions
  500/2331 games -> 33624 decisions
  750/2331 games -> 49542 decisions
  1000/2331 games -> 64957 decisions
  1250/2331 games -> 79907 decisions
  1500/2331 games -> 95754 decisions
  1750/2331 games -> 111512 decisions
  2000/2331 games -> 127650 decisions
  2250/2331 games -> 143364 decisions

DONE: 2331 games -> 148738 decisions -> model/az/imit_oger_v5b.npz (237MB)

DROP LEDGER (decisions not turned into samples):
  inactive_seat                                  186822  (89.2% of drops)
  trivial_single_option                           19288  ( 9.2% of drops)
  no_select_or_action                              2443  ( 1.2% of drops)
  target_not_enumerated_type1                       476  ( 0.2% of drops)
  empty_choice                                      322  ( 0.2% of drops)
  target_not_enumerated_type2                        10  ( 0.0% of drops)
  TOTAL DROPPED                                  209361   kept 148738 (41.5% of all decisions)

kept by select type: {0: 97801, 1: 45202, 4: 2498, 9: 2034, 8: 589, 5: 553, 2: 61}
candidates: mean 7.1 median 6 p90 14 max 64
target index: mean 2.73  frac==0 38.2%  random-guess top1 22.8%
loading ['model/az/imit_oger_v5b.npz']
  + imit_oger_v5b.npz: 148738 decisions, players ['palsystem', 'Artalmaz31', 'takayosi', 'ANDPAD kaggler team', 'flg']...
decoder feat=2 vocab=73883
148738 decisions -> 146035 after filter (min_wr=0.0 wins_only=False main_only=False)
2443 games detected -> held-out 81 games / 4947 decisions (disjoint from the 141088 training decisions)
boosting players ['Dipam Chakraborty'] -> pids [9] x3.0
hashing candidate bags for tie groups...
tie mask ready: 20817 extra credited candidates (0.14/decision)
  [held-out baselines] n=4947  random=21.1%  always-0=35.7%
device=mps  params=13,859,458  objective=softmax CE

train=141088 held=4947 epochs=10 bs=128
    ep0 500/1102 loss 1.1014
    ep0 1000/1102 loss 1.0191
epoch 0: loss 1.0090 (pol 0.8761 val 0.0664)  MAIN-top1 55.8%  all-top1 58.0% (strict 57.1%)  top3 86.2%  226s
    t0:56%(3331)  t1:61%(1440)  t4:57%(95)  t9:100%(62)
    ep1 500/1102 loss 0.8761
    ep1 1000/1102 loss 0.8553
epoch 1: loss 0.8499 (pol 0.7481 val 0.0509)  MAIN-top1 58.3%  all-top1 61.3% (strict 60.5%)  top3 88.3%  223s
    t0:58%(3331)  t1:67%(1440)  t4:60%(95)  t9:100%(62)
    ep2 500/1102 loss 0.7615
    ep2 1000/1102 loss 0.7547
epoch 2: loss 0.7527 (pol 0.6712 val 0.0408)  MAIN-top1 59.3%  all-top1 62.6% (strict 61.7%)  top3 89.8%  223s
    t0:59%(3331)  t1:69%(1440)  t4:60%(95)  t9:100%(62)
    ep3 500/1102 loss 0.6834
    ep3 1000/1102 loss 0.6685
epoch 3: loss 0.6691 (pol 0.6012 val 0.0340)  MAIN-top1 61.2%  all-top1 64.1% (strict 63.2%)  top3 90.3%  223s
    t0:61%(3331)  t1:69%(1440)  t4:61%(95)  t9:100%(62)
    ep4 500/1102 loss 0.5716
    ep4 1000/1102 loss 0.5777
epoch 4: loss 0.5806 (pol 0.5224 val 0.0291)  MAIN-top1 62.2%  all-top1 64.8% (strict 63.7%)  top3 91.0%  223s
    t0:62%(3331)  t1:69%(1440)  t4:61%(95)  t9:100%(62)
    ep5 500/1102 loss 0.4887
    ep5 1000/1102 loss 0.4882
epoch 5: loss 0.4874 (pol 0.4363 val 0.0256)  MAIN-top1 61.1%  all-top1 63.8% (strict 62.7%)  top3 89.9%  241s
    t0:61%(3331)  t1:68%(1440)  t4:63%(95)  t9:100%(62)
    ep6 500/1102 loss 0.3964
    ep6 1000/1102 loss 0.3980
epoch 6: loss 0.3983 (pol 0.3519 val 0.0232)  MAIN-top1 61.8%  all-top1 64.4% (strict 63.3%)  top3 90.0%  235s
    t0:62%(3331)  t1:69%(1440)  t4:61%(95)  t9:100%(62)
    ep7 500/1102 loss 0.3262
    ep7 1000/1102 loss 0.3245
epoch 7: loss 0.3241 (pol 0.2809 val 0.0216)  MAIN-top1 60.6%  all-top1 63.2% (strict 62.2%)  top3 90.0%  236s
    t0:61%(3331)  t1:68%(1440)  t4:62%(95)  t9:100%(62)
    ep8 500/1102 loss 0.2741
    ep8 1000/1102 loss 0.2739
epoch 8: loss 0.2734 (pol 0.2323 val 0.0205)  MAIN-top1 61.3%  all-top1 63.8% (strict 62.7%)  top3 89.9%  240s
    t0:61%(3331)  t1:68%(1440)  t4:63%(95)  t9:100%(62)
    ep9 500/1102 loss 0.2482
    ep9 1000/1102 loss 0.2493
epoch 9: loss 0.2492 (pol 0.2089 val 0.0201)  MAIN-top1 61.2%  all-top1 63.7% (strict 62.6%)  top3 89.9%  223s
    t0:61%(3331)  t1:67%(1440)  t4:64%(95)  t9:100%(62)

BEST held-out top1: 64.8%  -> model/az/oger_v5b_best.pth
exported /Users/nickzwart/Desktop/PTCG-AI-Challenge/model/az/oger_v5b_np.npz (28MB fp16)
checked 120 real decisions over 1 games: argmax agreement 120/120 = 100.0%  max |value diff| 0.0003  max |logit diff| 0.0031
PASS
== oger_v5b vs oger_v4i (run 1, N=120) ==
  oger_v5b vs oger_v4i: 57-63 = 47.5%  (N=120)
  (cross-deck head-to-head)
== oger_v5b vs oger_v4i (replication, N=120) ==
  oger_v5b vs oger_v4i: 64-56 = 53.3%  (N=120)
  (cross-deck head-to-head)
REFRESH_DONE
