slot monitor start Sun Aug 16 11:57:48 CEST 2026
08-16 11:57 | 55503057  submission_drag_v5.tar.gz                2026-08-14 10:09:39.517000                                                                                                                                   SubmissionStatus.COMPLETE  757.5                      
55502842  submission_drag_v6f.tar.gz               2026-08-14 09:56:06.967000                                                                                                                                   SubmissionStatus.COMPLETE  861.7                      
08-16 12:53 | 55503057  submission_drag_v5.tar.gz                2026-08-14 10:09:39.517000                                                                                                                                   SubmissionStatus.COMPLETE  757.5                      
55502842  submission_drag_v6f.tar.gz               2026-08-14 09:56:06.967000                                                                                                                                   SubmissionStatus.COMPLETE  861.7                      
08-16 13:57 | 55503057  submission_drag_v5.tar.gz                2026-08-14 10:09:39.517000                                                                                                                                   SubmissionStatus.COMPLETE  757.5                      
55502842  submission_drag_v6f.tar.gz               2026-08-14 09:56:06.967000                                                                                                                                   SubmissionStatus.COMPLETE  861.7                      
08-16 14:53 | 55503057  submission_drag_v5.tar.gz                2026-08-14 10:09:39.517000                                                                                                                                   SubmissionStatus.COMPLETE  757.5                      
55502842  submission_drag_v6f.tar.gz               2026-08-14 09:56:06.967000                                                                                                                                   SubmissionStatus.COMPLETE  858.9                      
08-16 15:57 | 55503057  submission_drag_v5.tar.gz                2026-08-14 10:09:39.517000                                                                                                                                   SubmissionStatus.COMPLETE  757.5                      
55502842  submission_drag_v6f.tar.gz               2026-08-14 09:56:06.967000                                                                                                                                   SubmissionStatus.COMPLETE  858.9                      
08-16 16:53 | 55503057  submission_drag_v5.tar.gz                2026-08-14 10:09:39.517000                                                                                                                                   SubmissionStatus.COMPLETE  757.5                      
55502842  submission_drag_v6f.tar.gz               2026-08-14 09:56:06.967000                                                                                                                                   SubmissionStatus.COMPLETE  858.9                      
08-16 17:57 | 55503057  submission_drag_v5.tar.gz                2026-08-14 10:09:39.517000                                                                                                                                   SubmissionStatus.COMPLETE  761.4                      
55502842  submission_drag_v6f.tar.gz               2026-08-14 09:56:06.967000                                                                                                                                   SubmissionStatus.COMPLETE  858.9                      
08-16 18:53 | 55503057  submission_drag_v5.tar.gz                2026-08-14 10:09:39.517000                                                                                                                                   SubmissionStatus.COMPLETE  766.7                      
55502842  submission_drag_v6f.tar.gz               2026-08-14 09:56:06.967000                                                                                                                                   SubmissionStatus.COMPLETE  865.3                      
monitor v2 (v6f x2) start Sun Aug 16 19:20:17 CEST 2026
08-16 19:20 | 55558994  submission_drag_v6f.tar.gz               2026-08-16 17:17:00.293000  drag_v6f copy 2 of 2 (lock-in)                                                                                                   SubmissionStatus.COMPLETE  600.0                      
55558967  submission_drag_v6f.tar.gz               2026-08-16 17:15:38.910000  drag_v6f copy 1 of 2 (lock-in)                                                                                                   SubmissionStatus.COMPLETE  465.0                      
08-16 23:20 | 55558994  submission_drag_v6f.tar.gz               2026-08-16 17:17:00.293000  drag_v6f copy 2 of 2 (lock-in)                                                                                                   SubmissionStatus.COMPLETE  775.6                      
55558967  submission_drag_v6f.tar.gz               2026-08-16 17:15:38.910000  drag_v6f copy 1 of 2 (lock-in)                                                                                                   SubmissionStatus.COMPLETE  732.3                      
08-17 03:20 | 55558994  submission_drag_v6f.tar.gz               2026-08-16 17:17:00.293000  drag_v6f copy 2 of 2 (lock-in)                                                                                                   SubmissionStatus.COMPLETE  754.0        754.0         
55558967  submission_drag_v6f.tar.gz               2026-08-16 17:15:38.910000  drag_v6f copy 1 of 2 (lock-in)                                                                                                   SubmissionStatus.COMPLETE  717.4        717.4         
08-17 07:20 | 55558994  submission_drag_v6f.tar.gz               2026-08-16 17:17:00.293000  drag_v6f copy 2 of 2 (lock-in)                                                                                                   SubmissionStatus.COMPLETE  754.0        754.0         
55558967  submission_drag_v6f.tar.gz               2026-08-16 17:15:38.910000  drag_v6f copy 1 of 2 (lock-in)                                                                                                   SubmissionStatus.COMPLETE  717.4        717.4         
08-17 11:20 | 55558994  submission_drag_v6f.tar.gz               2026-08-16 17:17:00.293000  drag_v6f copy 2 of 2 (lock-in)                                                                                                   SubmissionStatus.COMPLETE  768.0                      
55558967  submission_drag_v6f.tar.gz               2026-08-16 17:15:38.910000  drag_v6f copy 1 of 2 (lock-in)                                                                                                   SubmissionStatus.COMPLETE  718.0                      
08-17 15:20 | 55558994  submission_drag_v6f.tar.gz               2026-08-16 17:17:00.293000  drag_v6f copy 2 of 2 (lock-in)                                                                                                   SubmissionStatus.COMPLETE  761.5                      
55558967  submission_drag_v6f.tar.gz               2026-08-16 17:15:38.910000  drag_v6f copy 1 of 2 (lock-in)                                                                                                   SubmissionStatus.COMPLETE  757.0                      
08-17 19:20 | 55558994  submission_drag_v6f.tar.gz               2026-08-16 17:17:00.293000  drag_v6f copy 2 of 2 (lock-in)                                                                                                   SubmissionStatus.COMPLETE  737.4                      
55558967  submission_drag_v6f.tar.gz               2026-08-16 17:15:38.910000  drag_v6f copy 1 of 2 (lock-in)                                                                                                   SubmissionStatus.COMPLETE  772.7                      
08-17 23:20 | 55558994  submission_drag_v6f.tar.gz               2026-08-16 17:17:00.293000  drag_v6f copy 2 of 2 (lock-in)                                                                                                   SubmissionStatus.COMPLETE  734.5                      
55558967  submission_drag_v6f.tar.gz               2026-08-16 17:15:38.910000  drag_v6f copy 1 of 2 (lock-in)                                                                                                   SubmissionStatus.COMPLETE  782.0                      
08-18 03:20 | 55558994  submission_drag_v6f.tar.gz               2026-08-16 17:17:00.293000  drag_v6f copy 2 of 2 (lock-in)                                                                                                   SubmissionStatus.COMPLETE  750.9                      
55558967  submission_drag_v6f.tar.gz               2026-08-16 17:15:38.910000  drag_v6f copy 1 of 2 (lock-in)                                                                                                   SubmissionStatus.COMPLETE  783.0                      
08-18 07:20 | 55558994  submission_drag_v6f.tar.gz               2026-08-16 17:17:00.293000  drag_v6f copy 2 of 2 (lock-in)                                                                                                   SubmissionStatus.COMPLETE  753.5                      
55558967  submission_drag_v6f.tar.gz               2026-08-16 17:15:38.910000  drag_v6f copy 1 of 2 (lock-in)                                                                                                   SubmissionStatus.COMPLETE  782.0                      
08-18 11:20 | 55558994  submission_drag_v6f.tar.gz               2026-08-16 17:17:00.293000  drag_v6f copy 2 of 2 (lock-in)                                                                                                   SubmissionStatus.COMPLETE  763.2                      
55558967  submission_drag_v6f.tar.gz               2026-08-16 17:15:38.910000  drag_v6f copy 1 of 2 (lock-in)                                                                                                   SubmissionStatus.COMPLETE  770.6                      
08-18 15:20 | 55558994  submission_drag_v6f.tar.gz               2026-08-16 17:17:00.293000  drag_v6f copy 2 of 2 (lock-in)                                                                                                   SubmissionStatus.COMPLETE  755.5                      
55558967  submission_drag_v6f.tar.gz               2026-08-16 17:15:38.910000  drag_v6f copy 1 of 2 (lock-in)                                                                                                   SubmissionStatus.COMPLETE  780.7                      
08-18 19:20 | 55558994  submission_drag_v6f.tar.gz               2026-08-16 17:17:00.293000  drag_v6f copy 2 of 2 (lock-in)                                                                                                   SubmissionStatus.COMPLETE  755.6                      
55558967  submission_drag_v6f.tar.gz               2026-08-16 17:15:38.910000  drag_v6f copy 1 of 2 (lock-in)                                                                                                   SubmissionStatus.COMPLETE  783.6                      
08-18 23:20 | 55558994  submission_drag_v6f.tar.gz               2026-08-16 17:17:00.293000  drag_v6f copy 2 of 2 (lock-in)                                                                                                   SubmissionStatus.COMPLETE  761.3                      
55558967  submission_drag_v6f.tar.gz               2026-08-16 17:15:38.910000  drag_v6f copy 1 of 2 (lock-in)                                                                                                   SubmissionStatus.COMPLETE  775.5                      
08-19 03:20 | 55558994  submission_drag_v6f.tar.gz               2026-08-16 17:17:00.293000  drag_v6f copy 2 of 2 (lock-in)                                                                                                   SubmissionStatus.COMPLETE  767.5                      
55558967  submission_drag_v6f.tar.gz               2026-08-16 17:15:38.910000  drag_v6f copy 1 of 2 (lock-in)                                                                                                   SubmissionStatus.COMPLETE  780.4                      
08-19 07:20 | 55558994  submission_drag_v6f.tar.gz               2026-08-16 17:17:00.293000  drag_v6f copy 2 of 2 (lock-in)                                                                                                   SubmissionStatus.COMPLETE  781.1                      
55558967  submission_drag_v6f.tar.gz               2026-08-16 17:15:38.910000  drag_v6f copy 1 of 2 (lock-in)                                                                                                   SubmissionStatus.COMPLETE  775.1                      
08-19 11:20 | 55558994  submission_drag_v6f.tar.gz               2026-08-16 17:17:00.293000  drag_v6f copy 2 of 2 (lock-in)                                                                                                   SubmissionStatus.COMPLETE  787.9                      
55558967  submission_drag_v6f.tar.gz               2026-08-16 17:15:38.910000  drag_v6f copy 1 of 2 (lock-in)                                                                                                   SubmissionStatus.COMPLETE  779.5                      
08-19 15:20 | 55558994  submission_drag_v6f.tar.gz               2026-08-16 17:17:00.293000  drag_v6f copy 2 of 2 (lock-in)                                                                                                   SubmissionStatus.COMPLETE  791.6                      
55558967  submission_drag_v6f.tar.gz               2026-08-16 17:15:38.910000  drag_v6f copy 1 of 2 (lock-in)                                                                                                   SubmissionStatus.COMPLETE  799.2                      
08-19 19:20 | 55558994  submission_drag_v6f.tar.gz               2026-08-16 17:17:00.293000  drag_v6f copy 2 of 2 (lock-in)                                                                                                   SubmissionStatus.COMPLETE  797.1                      
55558967  submission_drag_v6f.tar.gz               2026-08-16 17:15:38.910000  drag_v6f copy 1 of 2 (lock-in)                                                                                                   SubmissionStatus.COMPLETE  807.7                      
08-19 23:20 | 55558994  submission_drag_v6f.tar.gz               2026-08-16 17:17:00.293000  drag_v6f copy 2 of 2 (lock-in)                                                                                                   SubmissionStatus.COMPLETE  815.0                      
55558967  submission_drag_v6f.tar.gz               2026-08-16 17:15:38.910000  drag_v6f copy 1 of 2 (lock-in)                                                                                                   SubmissionStatus.COMPLETE  774.2                      
08-20 03:20 | 55558994  submission_drag_v6f.tar.gz               2026-08-16 17:17:00.293000  drag_v6f copy 2 of 2 (lock-in)                                                                                                   SubmissionStatus.COMPLETE  807.5                      
55558967  submission_drag_v6f.tar.gz               2026-08-16 17:15:38.910000  drag_v6f copy 1 of 2 (lock-in)                                                                                                   SubmissionStatus.COMPLETE  755.2                      
08-20 07:20 | 55558994  submission_drag_v6f.tar.gz               2026-08-16 17:17:00.293000  drag_v6f copy 2 of 2 (lock-in)                                                                                                   SubmissionStatus.COMPLETE  825.0                      
55558967  submission_drag_v6f.tar.gz               2026-08-16 17:15:38.910000  drag_v6f copy 1 of 2 (lock-in)                                                                                                   SubmissionStatus.COMPLETE  778.5                      
08-20 11:20 | 55558994  submission_drag_v6f.tar.gz               2026-08-16 17:17:00.293000  drag_v6f copy 2 of 2 (lock-in)                                                                                                   SubmissionStatus.COMPLETE  840.9                      
55558967  submission_drag_v6f.tar.gz               2026-08-16 17:15:38.910000  drag_v6f copy 1 of 2 (lock-in)                                                                                                   SubmissionStatus.COMPLETE  783.0                      
08-20 15:20 | 55558994  submission_drag_v6f.tar.gz               2026-08-16 17:17:00.293000  drag_v6f copy 2 of 2 (lock-in)                                                                                                   SubmissionStatus.COMPLETE  842.7                      
55558967  submission_drag_v6f.tar.gz               2026-08-16 17:15:38.910000  drag_v6f copy 1 of 2 (lock-in)                                                                                                   SubmissionStatus.COMPLETE  785.0                      
08-20 19:20 | 55558994  submission_drag_v6f.tar.gz               2026-08-16 17:17:00.293000  drag_v6f copy 2 of 2 (lock-in)                                                                                                   SubmissionStatus.COMPLETE  850.1                      
55558967  submission_drag_v6f.tar.gz               2026-08-16 17:15:38.910000  drag_v6f copy 1 of 2 (lock-in)                                                                                                   SubmissionStatus.COMPLETE  772.6                      
08-20 23:20 | 55558994  submission_drag_v6f.tar.gz               2026-08-16 17:17:00.293000  drag_v6f copy 2 of 2 (lock-in)                                                                                                   SubmissionStatus.COMPLETE  858.2                      
55558967  submission_drag_v6f.tar.gz               2026-08-16 17:15:38.910000  drag_v6f copy 1 of 2 (lock-in)                                                                                                   SubmissionStatus.COMPLETE  806.2                      
08-21 03:20 | 55558994  submission_drag_v6f.tar.gz               2026-08-16 17:17:00.293000  drag_v6f copy 2 of 2 (lock-in)                                                                                                   SubmissionStatus.COMPLETE  834.8                      
55558967  submission_drag_v6f.tar.gz               2026-08-16 17:15:38.910000  drag_v6f copy 1 of 2 (lock-in)                                                                                                   SubmissionStatus.COMPLETE  814.4                      
08-21 07:20 | 55558994  submission_drag_v6f.tar.gz               2026-08-16 17:17:00.293000  drag_v6f copy 2 of 2 (lock-in)                                                                                                   SubmissionStatus.COMPLETE  865.5                      
55558967  submission_drag_v6f.tar.gz               2026-08-16 17:15:38.910000  drag_v6f copy 1 of 2 (lock-in)                                                                                                   SubmissionStatus.COMPLETE  827.0                      
08-21 11:20 | 55558994  submission_drag_v6f.tar.gz               2026-08-16 17:17:00.293000  drag_v6f copy 2 of 2 (lock-in)                                                                                                   SubmissionStatus.COMPLETE  870.2                      
55558967  submission_drag_v6f.tar.gz               2026-08-16 17:15:38.910000  drag_v6f copy 1 of 2 (lock-in)                                                                                                   SubmissionStatus.COMPLETE  823.7                      
08-21 15:20 | 55558994  submission_drag_v6f.tar.gz               2026-08-16 17:17:00.293000  drag_v6f copy 2 of 2 (lock-in)                                                                                                   SubmissionStatus.COMPLETE  858.8                      
55558967  submission_drag_v6f.tar.gz               2026-08-16 17:15:38.910000  drag_v6f copy 1 of 2 (lock-in)                                                                                                   SubmissionStatus.COMPLETE  802.4                      
08-21 19:20 | 55558994  submission_drag_v6f.tar.gz               2026-08-16 17:17:00.293000  drag_v6f copy 2 of 2 (lock-in)                                                                                                   SubmissionStatus.COMPLETE  852.8                      
55558967  submission_drag_v6f.tar.gz               2026-08-16 17:15:38.910000  drag_v6f copy 1 of 2 (lock-in)                                                                                                   SubmissionStatus.COMPLETE  821.3                      
08-22 10:43 | 55558994  submission_drag_v6f.tar.gz               2026-08-16 17:17:00.293000  drag_v6f copy 2 of 2 (lock-in)                                                                                                   SubmissionStatus.COMPLETE  869.3                      
55558967  submission_drag_v6f.tar.gz               2026-08-16 17:15:38.910000  drag_v6f copy 1 of 2 (lock-in)                                                                                                   SubmissionStatus.COMPLETE  823.7                      
08-22 17:58 | 55558994  submission_drag_v6f.tar.gz               2026-08-16 17:17:00.293000  drag_v6f copy 2 of 2 (lock-in)                                                                                                   SubmissionStatus.COMPLETE  893.7                      
55558967  submission_drag_v6f.tar.gz               2026-08-16 17:15:38.910000  drag_v6f copy 1 of 2 (lock-in)                                                                                                   SubmissionStatus.COMPLETE  828.8                      
08-23 15:24 | 55558994  submission_drag_v6f.tar.gz               2026-08-16 17:17:00.293000  drag_v6f copy 2 of 2 (lock-in)                                                                                                   SubmissionStatus.COMPLETE  849.2                      
55558967  submission_drag_v6f.tar.gz               2026-08-16 17:15:38.910000  drag_v6f copy 1 of 2 (lock-in)                                                                                                   SubmissionStatus.COMPLETE  868.9                      
08-23 19:24 | 55558994  submission_drag_v6f.tar.gz               2026-08-16 17:17:00.293000  drag_v6f copy 2 of 2 (lock-in)                                                                                                   SubmissionStatus.COMPLETE  839.1                      
55558967  submission_drag_v6f.tar.gz               2026-08-16 17:15:38.910000  drag_v6f copy 1 of 2 (lock-in)                                                                                                   SubmissionStatus.COMPLETE  873.6                      
08-23 23:24 | 55558994  submission_drag_v6f.tar.gz               2026-08-16 17:17:00.293000  drag_v6f copy 2 of 2 (lock-in)                                                                                                   SubmissionStatus.COMPLETE  834.6                      
55558967  submission_drag_v6f.tar.gz               2026-08-16 17:15:38.910000  drag_v6f copy 1 of 2 (lock-in)                                                                                                   SubmissionStatus.COMPLETE  859.8                      
08-24 03:24 | 55558994  submission_drag_v6f.tar.gz               2026-08-16 17:17:00.293000  drag_v6f copy 2 of 2 (lock-in)                                                                                                   SubmissionStatus.COMPLETE  871.9                      
55558967  submission_drag_v6f.tar.gz               2026-08-16 17:15:38.910000  drag_v6f copy 1 of 2 (lock-in)                                                                                                   SubmissionStatus.COMPLETE  856.3                      
08-24 07:24 | 55558994  submission_drag_v6f.tar.gz               2026-08-16 17:17:00.293000  drag_v6f copy 2 of 2 (lock-in)                                                                                                   SubmissionStatus.COMPLETE  848.6                      
55558967  submission_drag_v6f.tar.gz               2026-08-16 17:15:38.910000  drag_v6f copy 1 of 2 (lock-in)                                                                                                   SubmissionStatus.COMPLETE  881.4                      
08-24 11:24 | 55558994  submission_drag_v6f.tar.gz               2026-08-16 17:17:00.293000  drag_v6f copy 2 of 2 (lock-in)                                                                                                   SubmissionStatus.COMPLETE  854.7                      
55558967  submission_drag_v6f.tar.gz               2026-08-16 17:15:38.910000  drag_v6f copy 1 of 2 (lock-in)                                                                                                   SubmissionStatus.COMPLETE  868.4                      
08-24 15:24 | 55558994  submission_drag_v6f.tar.gz               2026-08-16 17:17:00.293000  drag_v6f copy 2 of 2 (lock-in)                                                                                                   SubmissionStatus.COMPLETE  870.7                      
55558967  submission_drag_v6f.tar.gz               2026-08-16 17:15:38.910000  drag_v6f copy 1 of 2 (lock-in)                                                                                                   SubmissionStatus.COMPLETE  845.4                      
08-24 20:19 | 55558994  submission_drag_v6f.tar.gz               2026-08-16 17:17:00.293000  drag_v6f copy 2 of 2 (lock-in)                                                                                                   SubmissionStatus.COMPLETE  883.8                      
55558967  submission_drag_v6f.tar.gz               2026-08-16 17:15:38.910000  drag_v6f copy 1 of 2 (lock-in)                                                                                                   SubmissionStatus.COMPLETE  821.0                      
08-26 09:58 | 55558994  submission_drag_v6f.tar.gz               2026-08-16 17:17:00.293000  drag_v6f copy 2 of 2 (lock-in)                                                                                                   SubmissionStatus.COMPLETE  878.9                      
55558967  submission_drag_v6f.tar.gz               2026-08-16 17:15:38.910000  drag_v6f copy 1 of 2 (lock-in)                                                                                                   SubmissionStatus.COMPLETE  846.9                      
