daily SS-Ogerpon harvester start Sun Aug 16 19:28:50 CEST 2026
08-16 19:28 new episodes: 62
  10/62 (ok 10)
  20/62 (ok 20)
  30/62 (ok 30)
  40/62 (ok 40)
  50/62 (ok 50)
  60/62 (ok 60)
done: 62 fetched, 0 skipped, 0 failed
08-16 19:31 total SS-Ogerpon replays banked: 62
08-17 19:31 new episodes: 153
  10/153 (ok 10)
  20/153 (ok 20)
  30/153 (ok 30)
  40/153 (ok 40)
  50/153 (ok 50)
  60/153 (ok 60)
  70/153 (ok 70)
  80/153 (ok 80)
  90/153 (ok 90)
  100/153 (ok 100)
  110/153 (ok 110)
  120/153 (ok 120)
  130/153 (ok 130)
  140/153 (ok 140)
  150/153 (ok 150)
done: 153 fetched, 0 skipped, 0 failed
08-17 19:37 total SS-Ogerpon replays banked: 215
08-18 19:37 new episodes: 40
  10/40 (ok 10)
  20/40 (ok 20)
  30/40 (ok 30)
  40/40 (ok 40)
done: 40 fetched, 0 skipped, 0 failed
08-18 19:39 total SS-Ogerpon replays banked: 255
08-19 19:39 new episodes: 25
  10/25 (ok 10)
  20/25 (ok 20)
done: 25 fetched, 0 skipped, 0 failed
08-19 19:40 total SS-Ogerpon replays banked: 280
08-20 19:40 new episodes: 86
  10/86 (ok 10)
  20/86 (ok 20)
  30/86 (ok 30)
  40/86 (ok 40)
  50/86 (ok 50)
  60/86 (ok 60)
  70/86 (ok 70)
  80/86 (ok 80)
done: 86 fetched, 0 skipped, 0 failed
08-20 19:44 total SS-Ogerpon replays banked: 366
08-21 19:44 new episodes: 400
  10/400 (ok 10)
  20/400 (ok 20)
  30/400 (ok 30)
  40/400 (ok 40)
  50/400 (ok 50)
  60/400 (ok 60)
  70/400 (ok 70)
  80/400 (ok 80)
  90/400 (ok 90)
  100/400 (ok 100)
  110/400 (ok 110)
  120/400 (ok 120)
  130/400 (ok 130)
  140/400 (ok 140)
  150/400 (ok 150)
  160/400 (ok 160)
  170/400 (ok 170)
  180/400 (ok 180)
  190/400 (ok 190)
  200/400 (ok 200)
  210/400 (ok 210)
  220/400 (ok 220)
  230/400 (ok 230)
  240/400 (ok 240)
  250/400 (ok 250)
  260/400 (ok 260)
  270/400 (ok 270)
  280/400 (ok 280)
  290/400 (ok 290)
  300/400 (ok 300)
  95353309: [Errno 54] Connection reset by peer
  310/400 (ok 309)
  95407755: [Errno 54] Connection reset by peer
  320/400 (ok 318)
  330/400 (ok 328)
  340/400 (ok 338)
  350/400 (ok 348)
  360/400 (ok 358)
  370/400 (ok 368)
  380/400 (ok 378)
  390/400 (ok 388)
  400/400 (ok 398)
done: 398 fetched, 0 skipped, 2 failed
08-21 20:00 total SS-Ogerpon replays banked: 764
08-24 04:04 new episodes: 250
  10/250 (ok 10)
  20/250 (ok 20)
  30/250 (ok 30)
  40/250 (ok 40)
  50/250 (ok 50)
  60/250 (ok 60)
  70/250 (ok 70)
  80/250 (ok 80)
  90/250 (ok 90)
  100/250 (ok 100)
  110/250 (ok 110)
  120/250 (ok 120)
  130/250 (ok 130)
  140/250 (ok 140)
  150/250 (ok 150)
  160/250 (ok 160)
  170/250 (ok 170)
  180/250 (ok 180)
  190/250 (ok 190)
  200/250 (ok 200)
  210/250 (ok 210)
  220/250 (ok 220)
  230/250 (ok 230)
  240/250 (ok 240)
  250/250 (ok 250)
done: 250 fetched, 0 skipped, 0 failed
08-24 04:14 total SS-Ogerpon replays banked: 1014
