loading ['model/az/imit_oger_c.npz']
  + imit_oger_c.npz: 90886 decisions, players ['palsystem', 'Artalmaz31', 'takayosi', 'ANDPAD kaggler team', 'flg']...
decoder feat=2 vocab=73883
90886 decisions -> 89164 after filter (min_wr=0.0 wins_only=False main_only=False)
1492 games detected -> held-out 88 games / 4920 decisions (disjoint from the 84244 training decisions)
  turn-CLOSING slice: 8910 decisions (9.8%) x4.0
hashing candidate bags for tie groups...
tie mask ready: 12931 extra credited candidates (0.14/decision)
  [held-out baselines] n=4920  random=21.1%  always-0=37.9%
initialized from model/az/oger_valfix_best.pth
device=mps  params=13,859,458  objective=softmax CE

train=84244 held=4920 epochs=6 bs=128
    ep0 500/658 loss 0.4381
epoch 0: loss 0.4289 (pol 0.2830 val 0.0486)  MAIN-top1 64.2%  all-top1 68.1% (strict 67.4%)  top3 90.7%  165s
    t0:64%(3392)  t1:76%(1385)  t4:71%(73)  t9:100%(57)
    ep1 500/658 loss 0.3912
epoch 1: loss 0.3930 (pol 0.2656 val 0.0425)  MAIN-top1 63.9%  all-top1 67.9% (strict 67.2%)  top3 91.2%  163s
    t0:64%(3392)  t1:76%(1385)  t4:71%(73)  t9:100%(57)
    ep2 500/658 loss 0.3470
epoch 2: loss 0.3460 (pol 0.2335 val 0.0375)  MAIN-top1 65.6%  all-top1 69.0% (strict 68.4%)  top3 91.3%  157s
    t0:66%(3392)  t1:76%(1385)  t4:70%(73)  t9:100%(57)
    ep3 500/658 loss 0.3089
epoch 3: loss 0.3087 (pol 0.2070 val 0.0339)  MAIN-top1 65.6%  all-top1 69.0% (strict 68.2%)  top3 91.2%  153s
    t0:66%(3392)  t1:76%(1385)  t4:68%(73)  t9:100%(57)
    ep4 500/658 loss 0.2838
epoch 4: loss 0.2834 (pol 0.1879 val 0.0318)  MAIN-top1 65.2%  all-top1 68.8% (strict 68.1%)  top3 91.2%  156s
    t0:65%(3392)  t1:76%(1385)  t4:73%(73)  t9:100%(57)
    ep5 500/658 loss 0.2690
epoch 5: loss 0.2710 (pol 0.1782 val 0.0309)  MAIN-top1 65.6%  all-top1 69.1% (strict 68.4%)  top3 91.2%  178s
    t0:66%(3392)  t1:76%(1385)  t4:71%(73)  t9:100%(57)

BEST held-out top1: 69.1%  -> model/az/oger_close_best.pth
