loading ['model/az/imit_pals_f2.npz']
  + imit_pals_f2.npz: 6288 decisions, players ['palsystem']
decoder feat=2 vocab=73883
6288 decisions -> 6172 after filter (min_wr=0.0 wins_only=False main_only=False)
91 games detected -> held-out 14 games / 891 decisions (disjoint from the 5281 training decisions)
hashing candidate bags for tie groups...
tie mask ready: 793 extra credited candidates (0.13/decision)
  [held-out baselines] n=891  random=21.1%  always-0=27.9%
initialized from model/az/oger_v12init_best.pth
device=mps  params=13,859,458  objective=softmax CE

train=5281 held=891 epochs=5 bs=128
epoch 0: loss 0.9653 (pol 0.9589 val 0.0212)  MAIN-top1 72.4%  all-top1 72.5% (strict 69.7%)  top3 93.3%  35s
    t0:72%(587)  t1:70%(275)
epoch 1: loss 0.8847 (pol 0.8784 val 0.0209)  MAIN-top1 72.2%  all-top1 71.8% (strict 69.1%)  top3 93.4%  29s
    t0:72%(587)  t1:68%(275)
epoch 2: loss 0.7943 (pol 0.7882 val 0.0204)  MAIN-top1 72.6%  all-top1 72.1% (strict 69.4%)  top3 92.7%  37s
    t0:73%(587)  t1:68%(275)
epoch 3: loss 0.7277 (pol 0.7217 val 0.0201)  MAIN-top1 73.1%  all-top1 72.5% (strict 69.8%)  top3 92.8%  36s
    t0:73%(587)  t1:68%(275)
epoch 4: loss 0.6951 (pol 0.6891 val 0.0200)  MAIN-top1 73.4%  all-top1 72.6% (strict 69.9%)  top3 92.8%  36s
    t0:73%(587)  t1:68%(275)

BEST held-out top1: 72.6%  -> model/az/oger_v12init_pal_best.pth
B_DONE
