loading ['model/az/imit_oger2.npz']
  + imit_oger2.npz: 143108 decisions, players ['palsystem', 'Artalmaz31', 'takayosi', 'ANDPAD kaggler team', 'flg']...
decoder feat=2 vocab=73883
143108 decisions -> 140473 after filter (min_wr=0.0 wins_only=False main_only=False)
2353 games detected -> held-out 80 games / 4933 decisions (disjoint from the 135540 training decisions)
boosting players ['Dipam Chakraborty'] -> pids [9] x3.0
hashing candidate bags for tie groups...
tie mask ready: 20249 extra credited candidates (0.14/decision)
  [held-out baselines] n=4933  random=21.1%  always-0=37.6%
device=mps  params=13,859,458  objective=softmax CE

train=135540 held=4933 epochs=10 bs=128
    ep0 500/1058 loss 0.9374
    ep0 1000/1058 loss 0.8755
epoch 0: loss 0.8697 (pol 0.7525 val 0.0586)  MAIN-top1 54.8%  all-top1 58.2% (strict 57.5%)  top3 86.5%  216s
    t0:55%(3289)  t1:64%(1486)  t4:57%(69)  t9:100%(66)
    ep1 500/1058 loss 0.7512
    ep1 1000/1058 loss 0.7369
epoch 1: loss 0.7338 (pol 0.6446 val 0.0446)  MAIN-top1 58.7%  all-top1 61.9% (strict 61.3%)  top3 88.9%  214s
    t0:59%(3289)  t1:67%(1486)  t4:64%(69)  t9:100%(66)
    ep2 500/1058 loss 0.6579
    ep2 1000/1058 loss 0.6524
epoch 2: loss 0.6509 (pol 0.5798 val 0.0356)  MAIN-top1 58.5%  all-top1 61.7% (strict 61.0%)  top3 89.1%  213s
    t0:59%(3289)  t1:66%(1486)  t4:74%(69)  t9:100%(66)
    ep3 500/1058 loss 0.5759
    ep3 1000/1058 loss 0.5768
epoch 3: loss 0.5771 (pol 0.5192 val 0.0289)  MAIN-top1 59.7%  all-top1 63.3% (strict 62.5%)  top3 89.3%  214s
    t0:60%(3289)  t1:69%(1486)  t4:72%(69)  t9:100%(66)
    ep4 500/1058 loss 0.4965
    ep4 1000/1058 loss 0.5005
epoch 4: loss 0.5008 (pol 0.4515 val 0.0246)  MAIN-top1 59.7%  all-top1 63.3% (strict 62.6%)  top3 89.7%  220s
    t0:60%(3289)  t1:69%(1486)  t4:72%(69)  t9:100%(66)
    ep5 500/1058 loss 0.4235
    ep5 1000/1058 loss 0.4216
epoch 5: loss 0.4228 (pol 0.3794 val 0.0217)  MAIN-top1 60.6%  all-top1 63.7% (strict 63.0%)  top3 89.9%  214s
    t0:61%(3289)  t1:68%(1486)  t4:74%(69)  t9:100%(66)
    ep6 500/1058 loss 0.3460
    ep6 1000/1058 loss 0.3468
epoch 6: loss 0.3461 (pol 0.3075 val 0.0193)  MAIN-top1 60.4%  all-top1 63.7% (strict 62.9%)  top3 89.2%  217s
    t0:60%(3289)  t1:69%(1486)  t4:74%(69)  t9:100%(66)
    ep7 500/1058 loss 0.2822
    ep7 1000/1058 loss 0.2817
epoch 7: loss 0.2810 (pol 0.2458 val 0.0176)  MAIN-top1 59.6%  all-top1 63.0% (strict 62.3%)  top3 89.0%  219s
    t0:60%(3289)  t1:68%(1486)  t4:71%(69)  t9:100%(66)
    ep8 500/1058 loss 0.2374
    ep8 1000/1058 loss 0.2368
epoch 8: loss 0.2368 (pol 0.2033 val 0.0167)  MAIN-top1 59.6%  all-top1 62.9% (strict 62.2%)  top3 89.1%  196s
    t0:60%(3289)  t1:68%(1486)  t4:68%(69)  t9:100%(66)
    ep9 500/1058 loss 0.2140
    ep9 1000/1058 loss 0.2151
epoch 9: loss 0.2151 (pol 0.1824 val 0.0163)  MAIN-top1 59.4%  all-top1 62.6% (strict 61.9%)  top3 89.0%  192s
    t0:59%(3289)  t1:68%(1486)  t4:67%(69)  t9:100%(66)

BEST held-out top1: 63.7%  -> model/az/oger_v4_best.pth
exported /Users/nickzwart/Desktop/PTCG-AI-Challenge/model/az/oger_v4_np.npz (28MB fp16)
checked 120 real decisions over 1 games: argmax agreement 120/120 = 100.0%  max |value diff| 0.0012  max |logit diff| 0.0052
PASS
