loading ['model/az/imit_crustle.npz']
  + imit_crustle.npz: 8564 decisions, players ['aigood', "Boss's Orders Are All You Need", 'T.Suzuki', 'hukuda222', 'Alan_Nasibullin']...
decoder feat=2 vocab=73883
8564 decisions -> 8345 after filter (min_wr=0.0 wins_only=False main_only=False)
231 games detected -> held-out 128 games / 4882 decisions (disjoint from the 3463 training decisions)
hashing candidate bags for tie groups...
tie mask ready: 1019 extra credited candidates (0.12/decision)
  [held-out baselines] n=4882  random=22.5%  always-0=34.9%
device=mps  params=13,859,458  objective=softmax CE

train=3463 held=4882 epochs=10 bs=128
epoch 0: loss 1.1407 (pol 1.0286 val 0.0561)  MAIN-top1 40.7%  all-top1 45.3% (strict 44.2%)  top3 76.2%  9s
    t0:41%(3621)  t1:57%(1115)  t4:45%(38)  t8:46%(35)  t9:91%(69)
epoch 1: loss 0.8459 (pol 0.7700 val 0.0380)  MAIN-top1 48.1%  all-top1 52.6% (strict 51.6%)  top3 81.7%  7s
    t0:48%(3621)  t1:64%(1115)  t4:39%(38)  t8:89%(35)  t9:91%(69)
epoch 2: loss 0.7111 (pol 0.6519 val 0.0296)  MAIN-top1 47.8%  all-top1 52.2% (strict 51.2%)  top3 82.4%  7s
    t0:48%(3621)  t1:63%(1115)  t4:37%(38)  t8:97%(35)  t9:91%(69)
epoch 3: loss 0.6130 (pol 0.5640 val 0.0245)  MAIN-top1 47.0%  all-top1 52.4% (strict 51.4%)  top3 83.1%  7s
    t0:47%(3621)  t1:67%(1115)  t4:45%(38)  t8:97%(35)  t9:91%(69)
epoch 4: loss 0.5411 (pol 0.4982 val 0.0214)  MAIN-top1 49.0%  all-top1 54.1% (strict 53.0%)  top3 84.2%  7s
    t0:49%(3621)  t1:68%(1115)  t4:42%(38)  t8:97%(35)  t9:91%(69)
epoch 5: loss 0.4422 (pol 0.4044 val 0.0189)  MAIN-top1 47.0%  all-top1 52.2% (strict 51.1%)  top3 83.8%  7s
    t0:47%(3621)  t1:65%(1115)  t4:45%(38)  t8:97%(35)  t9:91%(69)
epoch 6: loss 0.3712 (pol 0.3350 val 0.0181)  MAIN-top1 48.8%  all-top1 53.8% (strict 52.7%)  top3 84.0%  7s
    t0:49%(3621)  t1:67%(1115)  t4:42%(38)  t8:97%(35)  t9:91%(69)
epoch 7: loss 0.3188 (pol 0.2842 val 0.0173)  MAIN-top1 48.2%  all-top1 53.2% (strict 52.2%)  top3 84.2%  7s
    t0:48%(3621)  t1:66%(1115)  t4:42%(38)  t8:97%(35)  t9:91%(69)
epoch 8: loss 0.2845 (pol 0.2523 val 0.0161)  MAIN-top1 47.8%  all-top1 53.0% (strict 51.9%)  top3 83.4%  7s
    t0:48%(3621)  t1:66%(1115)  t4:42%(38)  t8:97%(35)  t9:91%(69)
epoch 9: loss 0.2675 (pol 0.2360 val 0.0157)  MAIN-top1 48.1%  all-top1 53.3% (strict 52.2%)  top3 83.5%  7s
    t0:48%(3621)  t1:67%(1115)  t4:42%(38)  t8:97%(35)  t9:91%(69)

BEST held-out top1: 54.1%  -> model/az/crustle_imit_best.pth
exported /Users/nickzwart/Desktop/PTCG-AI-Challenge/model/az/crustle_imit_np.npz (28MB fp16)
checked 120 real decisions over 1 games: argmax agreement 120/120 = 100.0%  max |value diff| 0.0005  max |logit diff| 0.0033
PASS
