loading ['model/az/imit_grimm_c.npz']
  + imit_grimm_c.npz: 33031 decisions, players ['@kdcyberdude', 'Yopta', '213tubo', 'wwwwwwwwwwwwwwwwwwwwwwwwwwwwww', 'Dipam Chakraborty']
decoder feat=2 vocab=73883
33031 decisions -> 32637 after filter (min_wr=0.0 wins_only=False main_only=False)
376 games detected -> held-out 58 games / 4953 decisions (disjoint from the 27684 training decisions)
boosting players ['@kdcyberdude'] -> pids [0] x3.0
  turn-CLOSING slice: 2059 decisions (6.2%) x4.0
hashing candidate bags for tie groups...
tie mask ready: 4082 extra credited candidates (0.12/decision)
  [held-out baselines] n=4953  random=24.4%  always-0=33.1%
initialized from model/az/grimm_imit_v11_best.pth
device=mps  params=13,859,458  objective=softmax CE

train=27684 held=4953 epochs=6 bs=128
epoch 0: loss 2.5976 (pol 2.1975 val 0.2001)  MAIN-top1 60.9%  all-top1 71.3% (strict 71.0%)  top3 93.3%  45s
    t0:61%(2327)  t1:75%(2055)  t4:100%(48)  t8:99%(344)  t9:99%(161)
epoch 1: loss 1.8074 (pol 1.5178 val 0.1448)  MAIN-top1 63.6%  all-top1 72.9% (strict 72.5%)  top3 93.9%  43s
    t0:64%(2327)  t1:76%(2055)  t4:100%(48)  t8:99%(344)  t9:99%(161)
epoch 2: loss 1.5097 (pol 1.2780 val 0.1159)  MAIN-top1 63.8%  all-top1 73.2% (strict 72.8%)  top3 94.2%  43s
    t0:64%(2327)  t1:77%(2055)  t4:100%(48)  t8:99%(344)  t9:99%(161)
epoch 3: loss 1.3192 (pol 1.1150 val 0.1021)  MAIN-top1 64.1%  all-top1 73.7% (strict 73.3%)  top3 94.3%  43s
    t0:64%(2327)  t1:77%(2055)  t4:100%(48)  t8:99%(344)  t9:99%(161)
epoch 4: loss 1.2049 (pol 1.0141 val 0.0954)  MAIN-top1 63.9%  all-top1 73.6% (strict 73.2%)  top3 94.4%  43s
    t0:64%(2327)  t1:78%(2055)  t4:100%(48)  t8:99%(344)  t9:99%(161)
epoch 5: loss 1.1566 (pol 0.9707 val 0.0930)  MAIN-top1 63.6%  all-top1 73.6% (strict 73.2%)  top3 94.4%  43s
    t0:64%(2327)  t1:78%(2055)  t4:100%(48)  t8:99%(344)  t9:99%(161)

BEST held-out top1: 73.7%  -> model/az/grimm_close_best.pth
exported /Users/nickzwart/Desktop/PTCG-AI-Challenge/model/az/grimm_close_np.npz (28MB fp16)
checked 200 real decisions over 2 games: argmax agreement 200/200 = 100.0%  max |value diff| 0.0019  max |logit diff| 0.0085
PASS
