loading ['model/az/imit_drag_both.npz']
  + imit_drag_both.npz: 141931 decisions, players ['Petit Canard', 'Kh0a', 'THIRD PTCG Club', 'Dipam Chakraborty', 'Pokemon Siuuuu']...
decoder feat=2 vocab=73883
141931 decisions -> 141281 after filter (min_wr=0.0 wins_only=False main_only=False)
1369 games detected -> held-out 47 games / 5067 decisions (disjoint from the 136214 training decisions)
hashing candidate bags for tie groups...
tie mask ready: 10277 extra credited candidates (0.07/decision)
  [held-out baselines] n=5067  random=22.7%  always-0=28.2%
initialized from model/az/drag_v2elite_best.pth
device=mps  params=13,859,458  objective=softmax CE

train=136214 held=5067 epochs=6 bs=128
    ep0 500/1064 loss 0.9413
    ep0 1000/1064 loss 0.8921
epoch 0: loss 0.8885 (pol 0.6204 val 0.0893)  MAIN-top1 61.0%  all-top1 68.4% (strict 68.1%)  top3 93.4%  307s
    t0:61%(2433)  t1:74%(2397)  t4:51%(47)  t8:99%(139)  t9:100%(51)
    ep1 500/1064 loss 0.7889
    ep1 1000/1064 loss 0.7843
epoch 1: loss 0.7843 (pol 0.5910 val 0.0644)  MAIN-top1 61.9%  all-top1 69.3% (strict 68.9%)  top3 93.5%  341s
    t0:62%(2433)  t1:75%(2397)  t4:51%(47)  t8:99%(139)  t9:100%(51)
    ep2 500/1064 loss 0.7241
    ep2 1000/1064 loss 0.7226
epoch 2: loss 0.7222 (pol 0.5579 val 0.0548)  MAIN-top1 62.1%  all-top1 68.6% (strict 68.2%)  top3 93.8%  333s
    t0:62%(2433)  t1:73%(2397)  t4:51%(47)  t8:99%(139)  t9:100%(51)
    ep3 500/1064 loss 0.6763
    ep3 1000/1064 loss 0.6745
epoch 3: loss 0.6736 (pol 0.5286 val 0.0483)  MAIN-top1 62.4%  all-top1 68.6% (strict 68.2%)  top3 93.6%  303s
    t0:62%(2433)  t1:73%(2397)  t4:53%(47)  t8:99%(139)  t9:100%(51)
    ep4 500/1064 loss 0.6439
    ep4 1000/1064 loss 0.6410
epoch 4: loss 0.6405 (pol 0.5062 val 0.0447)  MAIN-top1 62.1%  all-top1 68.5% (strict 68.1%)  top3 93.5%  303s
    t0:62%(2433)  t1:73%(2397)  t4:53%(47)  t8:99%(139)  t9:100%(51)
    ep5 500/1064 loss 0.6246
    ep5 1000/1064 loss 0.6248
epoch 5: loss 0.6245 (pol 0.4940 val 0.0435)  MAIN-top1 62.4%  all-top1 68.7% (strict 68.4%)  top3 93.4%  304s
    t0:62%(2433)  t1:73%(2397)  t4:53%(47)  t8:99%(139)  t9:100%(51)

BEST held-out top1: 69.3%  -> model/az/drag_valfix_best.pth
DVALFIX_DONE
exported /Users/nickzwart/Desktop/PTCG-AI-Challenge/model/az/drag_valfix_np.npz (28MB fp16)
checked 120 real decisions over 1 games: argmax agreement 120/120 = 100.0%  max |value diff| 0.0010  max |logit diff| 0.0050
PASS
