== MIRROR GATE + FIRE COUNT: drag_v41 vs drag_v4, N=120 ==
VETO-A stuck-support retreat fired
VETO-A stuck-support retreat fired
VETO-A stuck-support retreat fired
VETO-A stuck-support retreat fired
VETO-A stuck-support retreat fired
VETO-A stuck-support retreat fired
VETO-A stuck-support retreat fired
VETO-A stuck-support retreat fired
VETO-A stuck-support retreat fired
VETO-A stuck-support retreat fired
VETO-A stuck-support retreat fired
VETO-A stuck-support retreat fired
VETO-A stuck-support retreat fired
VETO-A stuck-support retreat fired
VETO-A stuck-support retreat fired
VETO-A stuck-support retreat fired
VETO-A stuck-support retreat fired
VETO-A stuck-support retreat fired
VETO-A stuck-support retreat fired
  drag_v41 vs drag_v4: 60-60 = 50.0%  (N=120)
  (cross-deck head-to-head)
fires: A=19 B=0
== DO-NO-HARM: 1200-field gauntlet, v41 vs v4 rows ==
General field gauntlet: N=60/opponent, 7 archetypes = 83.6% of the true meta (renormalised)

===== my-agent/drag_v41 =====
VETO-A stuck-support retreat fired
VETO-A stuck-support retreat fired
VETO-A stuck-support retreat fired
VETO-A stuck-support retreat fired
VETO-A stuck-support retreat fired
VETO-A stuck-support retreat fired
VETO-A stuck-support retreat fired
VETO-A stuck-support retreat fired
  vs Grimmsnarl    24-36  =  40.0%   (meta 21.9%)
VETO-A stuck-support retreat fired
VETO-A stuck-support retreat fired
VETO-A stuck-support retreat fired
VETO-A stuck-support retreat fired
VETO-A stuck-support retreat fired
VETO-A stuck-support retreat fired
VETO-A stuck-support retreat fired
VETO-A stuck-support retreat fired
VETO-A stuck-support retreat fired
VETO-A stuck-support retreat fired
VETO-A stuck-support retreat fired
VETO-A stuck-support retreat fired
VETO-A stuck-support retreat fired
VETO-A stuck-support retreat fired
VETO-A stuck-support retreat fired
VETO-A stuck-support retreat fired
VETO-A stuck-support retreat fired
VETO-A stuck-support retreat fired
VETO-A stuck-support retreat fired
VETO-A stuck-support retreat fired
  vs Alakazam      34-26  =  56.7%   (meta 16.3%)
VETO-A stuck-support retreat fired
VETO-A stuck-support retreat fired
VETO-A stuck-support retreat fired
VETO-A stuck-support retreat fired
VETO-A stuck-support retreat fired
VETO-A stuck-support retreat fired
  vs Dragapult     33-27  =  55.0%   (meta 14.1%)
VETO-A stuck-support retreat fired
VETO-A stuck-support retreat fired
VETO-A stuck-support retreat fired
VETO-A stuck-support retreat fired
VETO-A stuck-support retreat fired
VETO-A stuck-support retreat fired
  vs M-Lopunny     38-22  =  63.3%   (meta 13.1%)
VETO-A stuck-support retreat fired
VETO-A stuck-support retreat fired
VETO-A stuck-support retreat fired
VETO-A stuck-support retreat fired
VETO-A stuck-support retreat fired
VETO-A stuck-support retreat fired
VETO-A stuck-support retreat fired
VETO-A stuck-support retreat fired
VETO-A stuck-support retreat fired
VETO-A stuck-support retreat fired
VETO-A stuck-support retreat fired
VETO-A stuck-support retreat fired
VETO-A stuck-support retreat fired
VETO-A stuck-support retreat fired
VETO-A stuck-support retreat fired
VETO-A stuck-support retreat fired
VETO-A stuck-support retreat fired
VETO-A stuck-support retreat fired
VETO-A stuck-support retreat fired
VETO-A stuck-support retreat fired
VETO-A stuck-support retreat fired
VETO-A stuck-support retreat fired
VETO-A stuck-support retreat fired
VETO-A stuck-support retreat fired
VETO-A stuck-support retreat fired
VETO-A stuck-support retreat fired
VETO-A stuck-support retreat fired
VETO-A stuck-support retreat fired
  vs Ogerpon       24-36  =  40.0%   (meta 9.5%)
VETO-B dead-target counter re-aimed
VETO-B dead-target counter re-aimed
VETO-B dead-target counter re-aimed
VETO-B dead-target counter re-aimed
VETO-B dead-target counter re-aimed
VETO-A stuck-support retreat fired
VETO-B dead-target counter re-aimed
VETO-B dead-target counter re-aimed
VETO-B dead-target counter re-aimed
VETO-B dead-target counter re-aimed
VETO-B dead-target counter re-aimed
VETO-A stuck-support retreat fired
VETO-B dead-target counter re-aimed
VETO-B dead-target counter re-aimed
VETO-B dead-target counter re-aimed
VETO-B dead-target counter re-aimed
VETO-B dead-target counter re-aimed
VETO-B dead-target counter re-aimed
VETO-B dead-target counter re-aimed
VETO-B dead-target counter re-aimed
VETO-B dead-target counter re-aimed
VETO-B dead-target counter re-aimed
VETO-B dead-target counter re-aimed
VETO-B dead-target counter re-aimed
VETO-A stuck-support retreat fired
VETO-B dead-target counter re-aimed
VETO-B dead-target counter re-aimed
VETO-B dead-target counter re-aimed
VETO-B dead-target counter re-aimed
VETO-B dead-target counter re-aimed
VETO-B dead-target counter re-aimed
VETO-A stuck-support retreat fired
VETO-B dead-target counter re-aimed
VETO-B dead-target counter re-aimed
VETO-B dead-target counter re-aimed
VETO-B dead-target counter re-aimed
VETO-B dead-target counter re-aimed
VETO-B dead-target counter re-aimed
VETO-B dead-target counter re-aimed
VETO-B dead-target counter re-aimed
VETO-B dead-target counter re-aimed
VETO-B dead-target counter re-aimed
VETO-B dead-target counter re-aimed
VETO-B dead-target counter re-aimed
VETO-B dead-target counter re-aimed
VETO-B dead-target counter re-aimed
VETO-B dead-target counter re-aimed
VETO-B dead-target counter re-aimed
VETO-B dead-target counter re-aimed
VETO-B dead-target counter re-aimed
VETO-B dead-target counter re-aimed
VETO-B dead-target counter re-aimed
VETO-B dead-target counter re-aimed
VETO-B dead-target counter re-aimed
VETO-B dead-target counter re-aimed
VETO-B dead-target counter re-aimed
VETO-B dead-target counter re-aimed
VETO-B dead-target counter re-aimed
VETO-B dead-target counter re-aimed
VETO-B dead-target counter re-aimed
VETO-B dead-target counter re-aimed
VETO-B dead-target counter re-aimed
VETO-B dead-target counter re-aimed
VETO-B dead-target counter re-aimed
VETO-B dead-target counter re-aimed
VETO-B dead-target counter re-aimed
VETO-B dead-target counter re-aimed
VETO-B dead-target counter re-aimed
VETO-B dead-target counter re-aimed
VETO-B dead-target counter re-aimed
VETO-B dead-target counter re-aimed
VETO-B dead-target counter re-aimed
VETO-B dead-target counter re-aimed
VETO-B dead-target counter re-aimed
VETO-B dead-target counter re-aimed
VETO-B dead-target counter re-aimed
VETO-B dead-target counter re-aimed
VETO-B dead-target counter re-aimed
VETO-B dead-target counter re-aimed
VETO-B dead-target counter re-aimed
VETO-B dead-target counter re-aimed
VETO-B dead-target counter re-aimed
VETO-B dead-target counter re-aimed
VETO-B dead-target counter re-aimed
VETO-B dead-target counter re-aimed
VETO-B dead-target counter re-aimed
VETO-B dead-target counter re-aimed
VETO-B dead-target counter re-aimed
VETO-B dead-target counter re-aimed
VETO-B dead-target counter re-aimed
VETO-B dead-target counter re-aimed
VETO-B dead-target counter re-aimed
VETO-B dead-target counter re-aimed
VETO-A stuck-support retreat fired
VETO-B dead-target counter re-aimed
VETO-B dead-target counter re-aimed
VETO-A stuck-support retreat fired
VETO-B dead-target counter re-aimed
VETO-B dead-target counter re-aimed
VETO-B dead-target counter re-aimed
VETO-B dead-target counter re-aimed
VETO-B dead-target counter re-aimed
VETO-B dead-target counter re-aimed
VETO-B dead-target counter re-aimed
VETO-B dead-target counter re-aimed
VETO-B dead-target counter re-aimed
VETO-B dead-target counter re-aimed
VETO-B dead-target counter re-aimed
VETO-B dead-target counter re-aimed
VETO-B dead-target counter re-aimed
VETO-B dead-target counter re-aimed
VETO-B dead-target counter re-aimed
VETO-B dead-target counter re-aimed
VETO-B dead-target counter re-aimed
VETO-B dead-target counter re-aimed
VETO-B dead-target counter re-aimed
VETO-B dead-target counter re-aimed
VETO-B dead-target counter re-aimed
VETO-B dead-target counter re-aimed
VETO-B dead-target counter re-aimed
VETO-B dead-target counter re-aimed
VETO-B dead-target counter re-aimed
VETO-B dead-target counter re-aimed
VETO-B dead-target counter re-aimed
VETO-B dead-target counter re-aimed
VETO-B dead-target counter re-aimed
VETO-B dead-target counter re-aimed
VETO-B dead-target counter re-aimed
VETO-B dead-target counter re-aimed
VETO-B dead-target counter re-aimed
VETO-B dead-target counter re-aimed
VETO-B dead-target counter re-aimed
VETO-B dead-target counter re-aimed
VETO-A stuck-support retreat fired
VETO-B dead-target counter re-aimed
VETO-B dead-target counter re-aimed
VETO-B dead-target counter re-aimed
VETO-B dead-target counter re-aimed
VETO-B dead-target counter re-aimed
VETO-B dead-target counter re-aimed
  vs M-Lucario     36-24  =  60.0%   (meta 7.5%)
VETO-B dead-target counter re-aimed
VETO-B dead-target counter re-aimed
VETO-A stuck-support retreat fired
VETO-A stuck-support retreat fired
VETO-A stuck-support retreat fired
VETO-B dead-target counter re-aimed
VETO-B dead-target counter re-aimed
VETO-B dead-target counter re-aimed
VETO-B dead-target counter re-aimed
VETO-B dead-target counter re-aimed
VETO-B dead-target counter re-aimed
VETO-B dead-target counter re-aimed
VETO-B dead-target counter re-aimed
VETO-B dead-target counter re-aimed
VETO-B dead-target counter re-aimed
VETO-B dead-target counter re-aimed
VETO-B dead-target counter re-aimed
VETO-B dead-target counter re-aimed
VETO-B dead-target counter re-aimed
VETO-B dead-target counter re-aimed
VETO-B dead-target counter re-aimed
VETO-B dead-target counter re-aimed
VETO-B dead-target counter re-aimed
VETO-B dead-target counter re-aimed
VETO-A stuck-support retreat fired
VETO-B dead-target counter re-aimed
VETO-B dead-target counter re-aimed
VETO-B dead-target counter re-aimed
VETO-B dead-target counter re-aimed
VETO-B dead-target counter re-aimed
VETO-B dead-target counter re-aimed
VETO-B dead-target counter re-aimed
VETO-B dead-target counter re-aimed
VETO-B dead-target counter re-aimed
VETO-B dead-target counter re-aimed
VETO-B dead-target counter re-aimed
VETO-B dead-target counter re-aimed
VETO-B dead-target counter re-aimed
VETO-B dead-target counter re-aimed
VETO-B dead-target counter re-aimed
VETO-B dead-target counter re-aimed
VETO-B dead-target counter re-aimed
VETO-B dead-target counter re-aimed
VETO-B dead-target counter re-aimed
VETO-B dead-target counter re-aimed
VETO-B dead-target counter re-aimed
VETO-B dead-target counter re-aimed
VETO-B dead-target counter re-aimed
VETO-B dead-target counter re-aimed
VETO-B dead-target counter re-aimed
VETO-B dead-target counter re-aimed
VETO-A stuck-support retreat fired
VETO-B dead-target counter re-aimed
VETO-A stuck-support retreat fired
VETO-B dead-target counter re-aimed
VETO-B dead-target counter re-aimed
VETO-B dead-target counter re-aimed
VETO-B dead-target counter re-aimed
VETO-B dead-target counter re-aimed
VETO-B dead-target counter re-aimed
VETO-B dead-target counter re-aimed
VETO-B dead-target counter re-aimed
VETO-B dead-target counter re-aimed
VETO-B dead-target counter re-aimed
VETO-B dead-target counter re-aimed
VETO-B dead-target counter re-aimed
VETO-B dead-target counter re-aimed
VETO-B dead-target counter re-aimed
VETO-B dead-target counter re-aimed
VETO-B dead-target counter re-aimed
VETO-B dead-target counter re-aimed
VETO-B dead-target counter re-aimed
VETO-B dead-target counter re-aimed
VETO-A stuck-support retreat fired
VETO-B dead-target counter re-aimed
  vs Crustle       36-24  =  60.0%   (meta 1.2%)
  FIELD-WEIGHTED SCORE: 51.5%

===== my-agent/drag_v4 =====
  vs Grimmsnarl    30-30  =  50.0%   (meta 21.9%)
  vs Alakazam      37-23  =  61.7%   (meta 16.3%)
  vs M-Lopunny     30-30  =  50.0%   (meta 13.1%)
  vs Ogerpon       32-28  =  53.3%   (meta 9.5%)
  vs M-Lucario     29-31  =  48.3%   (meta 7.5%)
  vs Crustle       33-26  =  55.9%   (meta 1.2%)
  FIELD-WEIGHTED SCORE: 53.1%

=== RANKING ===
   53.1%  my-agent/drag_v4
   51.5%  my-agent/drag_v41
V41_DONE
