== REGATE with fixed veto B: drag_v41 vs drag_v4, N=120 ==
VETO-B dead-target counter re-aimed
VETO-B dead-target counter re-aimed
VETO-B dead-target counter re-aimed
VETO-B dead-target counter re-aimed
VETO-B dead-target counter re-aimed
VETO-B dead-target counter re-aimed
VETO-B dead-target counter re-aimed
VETO-B dead-target counter re-aimed
VETO-B dead-target counter re-aimed
VETO-B dead-target counter re-aimed
VETO-B dead-target counter re-aimed
VETO-B dead-target counter re-aimed
VETO-B dead-target counter re-aimed
VETO-A stuck-support retreat fired
VETO-B dead-target counter re-aimed
VETO-B dead-target counter re-aimed
VETO-B dead-target counter re-aimed
VETO-B dead-target counter re-aimed
VETO-B dead-target counter re-aimed
VETO-A stuck-support retreat fired
VETO-B dead-target counter re-aimed
VETO-A stuck-support retreat fired
VETO-B dead-target counter re-aimed
VETO-B dead-target counter re-aimed
VETO-B dead-target counter re-aimed
VETO-A stuck-support retreat fired
VETO-A stuck-support retreat fired
VETO-A stuck-support retreat fired
VETO-B dead-target counter re-aimed
VETO-B dead-target counter re-aimed
VETO-B dead-target counter re-aimed
VETO-B dead-target counter re-aimed
VETO-B dead-target counter re-aimed
VETO-A stuck-support retreat fired
VETO-B dead-target counter re-aimed
VETO-A stuck-support retreat fired
VETO-B dead-target counter re-aimed
VETO-B dead-target counter re-aimed
VETO-B dead-target counter re-aimed
VETO-B dead-target counter re-aimed
VETO-B dead-target counter re-aimed
VETO-A stuck-support retreat fired
VETO-B dead-target counter re-aimed
VETO-B dead-target counter re-aimed
VETO-A stuck-support retreat fired
VETO-B dead-target counter re-aimed
VETO-B dead-target counter re-aimed
VETO-A stuck-support retreat fired
VETO-B dead-target counter re-aimed
VETO-B dead-target counter re-aimed
VETO-A stuck-support retreat fired
VETO-B dead-target counter re-aimed
VETO-B dead-target counter re-aimed
VETO-B dead-target counter re-aimed
VETO-B dead-target counter re-aimed
VETO-B dead-target counter re-aimed
VETO-B dead-target counter re-aimed
VETO-B dead-target counter re-aimed
VETO-B dead-target counter re-aimed
VETO-B dead-target counter re-aimed
VETO-B dead-target counter re-aimed
VETO-B dead-target counter re-aimed
VETO-B dead-target counter re-aimed
VETO-B dead-target counter re-aimed
VETO-B dead-target counter re-aimed
VETO-B dead-target counter re-aimed
VETO-B dead-target counter re-aimed
VETO-B dead-target counter re-aimed
VETO-B dead-target counter re-aimed
VETO-B dead-target counter re-aimed
VETO-B dead-target counter re-aimed
VETO-B dead-target counter re-aimed
VETO-B dead-target counter re-aimed
VETO-B dead-target counter re-aimed
VETO-B dead-target counter re-aimed
VETO-A stuck-support retreat fired
VETO-B dead-target counter re-aimed
VETO-B dead-target counter re-aimed
VETO-B dead-target counter re-aimed
VETO-B dead-target counter re-aimed
VETO-B dead-target counter re-aimed
VETO-B dead-target counter re-aimed
VETO-B dead-target counter re-aimed
VETO-A stuck-support retreat fired
VETO-B dead-target counter re-aimed
VETO-B dead-target counter re-aimed
VETO-B dead-target counter re-aimed
VETO-A stuck-support retreat fired
VETO-B dead-target counter re-aimed
VETO-B dead-target counter re-aimed
VETO-B dead-target counter re-aimed
VETO-B dead-target counter re-aimed
VETO-B dead-target counter re-aimed
VETO-B dead-target counter re-aimed
VETO-B dead-target counter re-aimed
VETO-B dead-target counter re-aimed
VETO-B dead-target counter re-aimed
VETO-B dead-target counter re-aimed
VETO-B dead-target counter re-aimed
VETO-B dead-target counter re-aimed
VETO-A stuck-support retreat fired
VETO-B dead-target counter re-aimed
VETO-B dead-target counter re-aimed
VETO-A stuck-support retreat fired
VETO-B dead-target counter re-aimed
VETO-B dead-target counter re-aimed
VETO-B dead-target counter re-aimed
VETO-B dead-target counter re-aimed
VETO-B dead-target counter re-aimed
VETO-B dead-target counter re-aimed
VETO-B dead-target counter re-aimed
VETO-B dead-target counter re-aimed
VETO-B dead-target counter re-aimed
VETO-B dead-target counter re-aimed
VETO-B dead-target counter re-aimed
VETO-B dead-target counter re-aimed
VETO-B dead-target counter re-aimed
VETO-B dead-target counter re-aimed
VETO-B dead-target counter re-aimed
VETO-B dead-target counter re-aimed
VETO-B dead-target counter re-aimed
VETO-B dead-target counter re-aimed
VETO-B dead-target counter re-aimed
VETO-B dead-target counter re-aimed
VETO-B dead-target counter re-aimed
VETO-B dead-target counter re-aimed
VETO-B dead-target counter re-aimed
VETO-B dead-target counter re-aimed
VETO-B dead-target counter re-aimed
VETO-B dead-target counter re-aimed
VETO-B dead-target counter re-aimed
VETO-B dead-target counter re-aimed
VETO-B dead-target counter re-aimed
VETO-A stuck-support retreat fired
VETO-B dead-target counter re-aimed
VETO-B dead-target counter re-aimed
VETO-B dead-target counter re-aimed
VETO-B dead-target counter re-aimed
VETO-B dead-target counter re-aimed
VETO-B dead-target counter re-aimed
VETO-B dead-target counter re-aimed
VETO-B dead-target counter re-aimed
VETO-B dead-target counter re-aimed
VETO-A stuck-support retreat fired
VETO-B dead-target counter re-aimed
VETO-B dead-target counter re-aimed
VETO-B dead-target counter re-aimed
VETO-A stuck-support retreat fired
VETO-B dead-target counter re-aimed
VETO-B dead-target counter re-aimed
VETO-B dead-target counter re-aimed
VETO-A stuck-support retreat fired
VETO-B dead-target counter re-aimed
VETO-B dead-target counter re-aimed
VETO-B dead-target counter re-aimed
VETO-B dead-target counter re-aimed
VETO-B dead-target counter re-aimed
VETO-A stuck-support retreat fired
VETO-A stuck-support retreat fired
VETO-B dead-target counter re-aimed
VETO-B dead-target counter re-aimed
VETO-B dead-target counter re-aimed
VETO-B dead-target counter re-aimed
VETO-B dead-target counter re-aimed
VETO-B dead-target counter re-aimed
VETO-A stuck-support retreat fired
VETO-B dead-target counter re-aimed
VETO-B dead-target counter re-aimed
VETO-B dead-target counter re-aimed
VETO-B dead-target counter re-aimed
VETO-B dead-target counter re-aimed
VETO-A stuck-support retreat fired
VETO-B dead-target counter re-aimed
VETO-B dead-target counter re-aimed
VETO-B dead-target counter re-aimed
VETO-A stuck-support retreat fired
VETO-B dead-target counter re-aimed
VETO-B dead-target counter re-aimed
VETO-B dead-target counter re-aimed
VETO-B dead-target counter re-aimed
VETO-B dead-target counter re-aimed
VETO-B dead-target counter re-aimed
VETO-B dead-target counter re-aimed
VETO-B dead-target counter re-aimed
VETO-B dead-target counter re-aimed
VETO-B dead-target counter re-aimed
VETO-B dead-target counter re-aimed
VETO-B dead-target counter re-aimed
VETO-B dead-target counter re-aimed
VETO-B dead-target counter re-aimed
VETO-B dead-target counter re-aimed
VETO-B dead-target counter re-aimed
VETO-B dead-target counter re-aimed
VETO-B dead-target counter re-aimed
VETO-B dead-target counter re-aimed
VETO-B dead-target counter re-aimed
VETO-B dead-target counter re-aimed
VETO-B dead-target counter re-aimed
VETO-B dead-target counter re-aimed
VETO-B dead-target counter re-aimed
VETO-B dead-target counter re-aimed
VETO-B dead-target counter re-aimed
VETO-B dead-target counter re-aimed
VETO-B dead-target counter re-aimed
VETO-B dead-target counter re-aimed
VETO-B dead-target counter re-aimed
VETO-B dead-target counter re-aimed
VETO-B dead-target counter re-aimed
VETO-A stuck-support retreat fired
VETO-B dead-target counter re-aimed
VETO-B dead-target counter re-aimed
VETO-B dead-target counter re-aimed
VETO-B dead-target counter re-aimed
VETO-B dead-target counter re-aimed
VETO-B dead-target counter re-aimed
VETO-B dead-target counter re-aimed
VETO-B dead-target counter re-aimed
VETO-B dead-target counter re-aimed
VETO-A stuck-support retreat fired
VETO-B dead-target counter re-aimed
VETO-B dead-target counter re-aimed
VETO-B dead-target counter re-aimed
VETO-B dead-target counter re-aimed
VETO-A stuck-support retreat fired
VETO-B dead-target counter re-aimed
VETO-B dead-target counter re-aimed
VETO-B dead-target counter re-aimed
VETO-B dead-target counter re-aimed
VETO-B dead-target counter re-aimed
VETO-A stuck-support retreat fired
VETO-A stuck-support retreat fired
VETO-A stuck-support retreat fired
VETO-B dead-target counter re-aimed
VETO-B dead-target counter re-aimed
VETO-B dead-target counter re-aimed
VETO-B dead-target counter re-aimed
VETO-B dead-target counter re-aimed
VETO-B dead-target counter re-aimed
VETO-B dead-target counter re-aimed
VETO-B dead-target counter re-aimed
VETO-B dead-target counter re-aimed
VETO-B dead-target counter re-aimed
VETO-B dead-target counter re-aimed
VETO-B dead-target counter re-aimed
VETO-B dead-target counter re-aimed
VETO-B dead-target counter re-aimed
VETO-B dead-target counter re-aimed
VETO-B dead-target counter re-aimed
VETO-B dead-target counter re-aimed
VETO-B dead-target counter re-aimed
VETO-B dead-target counter re-aimed
VETO-A stuck-support retreat fired
VETO-B dead-target counter re-aimed
VETO-B dead-target counter re-aimed
VETO-B dead-target counter re-aimed
VETO-A stuck-support retreat fired
VETO-A stuck-support retreat fired
VETO-B dead-target counter re-aimed
VETO-B dead-target counter re-aimed
VETO-B dead-target counter re-aimed
VETO-B dead-target counter re-aimed
VETO-B dead-target counter re-aimed
VETO-B dead-target counter re-aimed
VETO-B dead-target counter re-aimed
VETO-B dead-target counter re-aimed
  drag_v41 vs drag_v4: 56-64 = 46.7%  (N=120)
  (cross-deck head-to-head)
fires: A=35 B=230
V41B_DONE
